Archive member included to satisfy reference by file (symbol)

c:/st/stm32cubeide_1.4.0/stm32cubeide/plugins/com.st.stm32cube.ide.mcu.externaltools.gnu-tools-for-stm32.7-2018-q2-update.win32_1.4.0.202007081208/tools/bin/../lib/gcc/arm-none-eabi/7.3.1/../../../../arm-none-eabi/lib/thumb/v7e-m/fpv4-sp/hard\libc_nano.a(lib_a-errno.o)
                              Src/syscalls.o (__errno)
c:/st/stm32cubeide_1.4.0/stm32cubeide/plugins/com.st.stm32cube.ide.mcu.externaltools.gnu-tools-for-stm32.7-2018-q2-update.win32_1.4.0.202007081208/tools/bin/../lib/gcc/arm-none-eabi/7.3.1/../../../../arm-none-eabi/lib/thumb/v7e-m/fpv4-sp/hard\libc_nano.a(lib_a-exit.o)
                              c:/st/stm32cubeide_1.4.0/stm32cubeide/plugins/com.st.stm32cube.ide.mcu.externaltools.gnu-tools-for-stm32.7-2018-q2-update.win32_1.4.0.202007081208/tools/bin/../lib/gcc/arm-none-eabi/7.3.1/../../../../arm-none-eabi/lib/thumb/v7e-m/fpv4-sp/hard/crt0.o (exit)
c:/st/stm32cubeide_1.4.0/stm32cubeide/plugins/com.st.stm32cube.ide.mcu.externaltools.gnu-tools-for-stm32.7-2018-q2-update.win32_1.4.0.202007081208/tools/bin/../lib/gcc/arm-none-eabi/7.3.1/../../../../arm-none-eabi/lib/thumb/v7e-m/fpv4-sp/hard\libc_nano.a(lib_a-impure.o)
                              c:/st/stm32cubeide_1.4.0/stm32cubeide/plugins/com.st.stm32cube.ide.mcu.externaltools.gnu-tools-for-stm32.7-2018-q2-update.win32_1.4.0.202007081208/tools/bin/../lib/gcc/arm-none-eabi/7.3.1/../../../../arm-none-eabi/lib/thumb/v7e-m/fpv4-sp/hard\libc_nano.a(lib_a-exit.o) (_global_impure_ptr)
c:/st/stm32cubeide_1.4.0/stm32cubeide/plugins/com.st.stm32cube.ide.mcu.externaltools.gnu-tools-for-stm32.7-2018-q2-update.win32_1.4.0.202007081208/tools/bin/../lib/gcc/arm-none-eabi/7.3.1/../../../../arm-none-eabi/lib/thumb/v7e-m/fpv4-sp/hard\libc_nano.a(lib_a-init.o)
                              c:/st/stm32cubeide_1.4.0/stm32cubeide/plugins/com.st.stm32cube.ide.mcu.externaltools.gnu-tools-for-stm32.7-2018-q2-update.win32_1.4.0.202007081208/tools/bin/../lib/gcc/arm-none-eabi/7.3.1/../../../../arm-none-eabi/lib/thumb/v7e-m/fpv4-sp/hard/crt0.o (__libc_init_array)
c:/st/stm32cubeide_1.4.0/stm32cubeide/plugins/com.st.stm32cube.ide.mcu.externaltools.gnu-tools-for-stm32.7-2018-q2-update.win32_1.4.0.202007081208/tools/bin/../lib/gcc/arm-none-eabi/7.3.1/../../../../arm-none-eabi/lib/thumb/v7e-m/fpv4-sp/hard\libc_nano.a(lib_a-memset.o)
                              c:/st/stm32cubeide_1.4.0/stm32cubeide/plugins/com.st.stm32cube.ide.mcu.externaltools.gnu-tools-for-stm32.7-2018-q2-update.win32_1.4.0.202007081208/tools/bin/../lib/gcc/arm-none-eabi/7.3.1/../../../../arm-none-eabi/lib/thumb/v7e-m/fpv4-sp/hard/crt0.o (memset)
c:/st/stm32cubeide_1.4.0/stm32cubeide/plugins/com.st.stm32cube.ide.mcu.externaltools.gnu-tools-for-stm32.7-2018-q2-update.win32_1.4.0.202007081208/tools/bin/../lib/gcc/arm-none-eabi/7.3.1/../../../../arm-none-eabi/lib/thumb/v7e-m/fpv4-sp/hard\libc_nano.a(lib_a-nano-vfprintf_float.o)
                              (_printf_float)
c:/st/stm32cubeide_1.4.0/stm32cubeide/plugins/com.st.stm32cube.ide.mcu.externaltools.gnu-tools-for-stm32.7-2018-q2-update.win32_1.4.0.202007081208/tools/bin/../lib/gcc/arm-none-eabi/7.3.1/../../../../arm-none-eabi/lib/thumb/v7e-m/fpv4-sp/hard\libc_nano.a(lib_a-nano-vfprintf_i.o)
                              c:/st/stm32cubeide_1.4.0/stm32cubeide/plugins/com.st.stm32cube.ide.mcu.externaltools.gnu-tools-for-stm32.7-2018-q2-update.win32_1.4.0.202007081208/tools/bin/../lib/gcc/arm-none-eabi/7.3.1/../../../../arm-none-eabi/lib/thumb/v7e-m/fpv4-sp/hard\libc_nano.a(lib_a-nano-vfprintf_float.o) (_printf_common)
c:/st/stm32cubeide_1.4.0/stm32cubeide/plugins/com.st.stm32cube.ide.mcu.externaltools.gnu-tools-for-stm32.7-2018-q2-update.win32_1.4.0.202007081208/tools/bin/../lib/gcc/arm-none-eabi/7.3.1/../../../../arm-none-eabi/lib/thumb/v7e-m/fpv4-sp/hard\libc_nano.a(lib_a-sprintf.o)
                              Src/main.o (sprintf)
c:/st/stm32cubeide_1.4.0/stm32cubeide/plugins/com.st.stm32cube.ide.mcu.externaltools.gnu-tools-for-stm32.7-2018-q2-update.win32_1.4.0.202007081208/tools/bin/../lib/gcc/arm-none-eabi/7.3.1/../../../../arm-none-eabi/lib/thumb/v7e-m/fpv4-sp/hard\libc_nano.a(lib_a-strlen.o)
                              c:/st/stm32cubeide_1.4.0/stm32cubeide/plugins/com.st.stm32cube.ide.mcu.externaltools.gnu-tools-for-stm32.7-2018-q2-update.win32_1.4.0.202007081208/tools/bin/../lib/gcc/arm-none-eabi/7.3.1/../../../../arm-none-eabi/lib/thumb/v7e-m/fpv4-sp/hard\libc_nano.a(lib_a-nano-vfprintf_float.o) (strlen)
c:/st/stm32cubeide_1.4.0/stm32cubeide/plugins/com.st.stm32cube.ide.mcu.externaltools.gnu-tools-for-stm32.7-2018-q2-update.win32_1.4.0.202007081208/tools/bin/../lib/gcc/arm-none-eabi/7.3.1/../../../../arm-none-eabi/lib/thumb/v7e-m/fpv4-sp/hard\libc_nano.a(lib_a-dtoa.o)
[...]
Memory Configuration

Name             Origin             Length             Attributes
FLASH            0x0000000008000000 0x0000000000010000 xr
CCMRAM           0x0000000010000000 0x0000000000001000 xrw
RAM              0x0000000020000000 0x0000000000003000 xrw
*default*        0x0000000000000000 0xffffffffffffffff

Linker script and memory map

LOAD c:/st/stm32cubeide_1.4.0/stm32cubeide/plugins/com.st.stm32cube.ide.mcu.externaltools.gnu-tools-for-stm32.7-2018-q2-update.win32_1.4.0.202007081208/tools/bin/../lib/gcc/arm-none-eabi/7.3.1/thumb/v7e-m/fpv4-sp/hard/crti.o
LOAD c:/st/stm32cubeide_1.4.0/stm32cubeide/plugins/com.st.stm32cube.ide.mcu.externaltools.gnu-tools-for-stm32.7-2018-q2-update.win32_1.4.0.202007081208/tools/bin/../lib/gcc/arm-none-eabi/7.3.1/thumb/v7e-m/fpv4-sp/hard/crtbegin.o
LOAD c:/st/stm32cubeide_1.4.0/stm32cubeide/plugins/com.st.stm32cube.ide.mcu.externaltools.gnu-tools-for-stm32.7-2018-q2-update.win32_1.4.0.202007081208/tools/bin/../lib/gcc/arm-none-eabi/7.3.1/../../../../arm-none-eabi/lib/thumb/v7e-m/fpv4-sp/hard/crt0.o
LOAD Drivers/STM32F3xx_HAL_Driver/Src/stm32f3xx_ll_dma.o
LOAD Drivers/STM32F3xx_HAL_Driver/Src/stm32f3xx_ll_exti.o
LOAD Drivers/STM32F3xx_HAL_Driver/Src/stm32f3xx_ll_gpio.o
LOAD Drivers/STM32F3xx_HAL_Driver/Src/stm32f3xx_ll_rcc.o
LOAD Drivers/STM32F3xx_HAL_Driver/Src/stm32f3xx_ll_usart.o
LOAD Drivers/STM32F3xx_HAL_Driver/Src/stm32f3xx_ll_utils.o
LOAD Src/dma.o
LOAD Src/gpio.o
LOAD Src/main.o
LOAD Src/stm32f3xx_it.o
LOAD Src/syscalls.o
LOAD Src/sysmem.o
LOAD Src/system_stm32f3xx.o
LOAD Src/usart.o
LOAD Startup/startup_stm32f303k8tx.o
START GROUP
LOAD c:/st/stm32cubeide_1.4.0/stm32cubeide/plugins/com.st.stm32cube.ide.mcu.externaltools.gnu-tools-for-stm32.7-2018-q2-update.win32_1.4.0.202007081208/tools/bin/../lib/gcc/arm-none-eabi/7.3.1/../../../../arm-none-eabi/lib/thumb/v7e-m/fpv4-sp/hard\libc_nano.a
LOAD c:/st/stm32cubeide_1.4.0/stm32cubeide/plugins/com.st.stm32cube.ide.mcu.externaltools.gnu-tools-for-stm32.7-2018-q2-update.win32_1.4.0.202007081208/tools/bin/../lib/gcc/arm-none-eabi/7.3.1/../../../../arm-none-eabi/lib/thumb/v7e-m/fpv4-sp/hard\libm.a
END GROUP
START GROUP
LOAD c:/st/stm32cubeide_1.4.0/stm32cubeide/plugins/com.st.stm32cube.ide.mcu.externaltools.gnu-tools-for-stm32.7-2018-q2-update.win32_1.4.0.202007081208/tools/bin/../lib/gcc/arm-none-eabi/7.3.1/thumb/v7e-m/fpv4-sp/hard\libgcc.a
LOAD c:/st/stm32cubeide_1.4.0/stm32cubeide/plugins/com.st.stm32cube.ide.mcu.externaltools.gnu-tools-for-stm32.7-2018-q2-update.win32_1.4.0.202007081208/tools/bin/../lib/gcc/arm-none-eabi/7.3.1/../../../../arm-none-eabi/lib/thumb/v7e-m/fpv4-sp/hard\libc_nano.a
END GROUP
START GROUP
LOAD c:/st/stm32cubeide_1.4.0/stm32cubeide/plugins/com.st.stm32cube.ide.mcu.externaltools.gnu-tools-for-stm32.7-2018-q2-update.win32_1.4.0.202007081208/tools/bin/../lib/gcc/arm-none-eabi/7.3.1/thumb/v7e-m/fpv4-sp/hard\libgcc.a
LOAD c:/st/stm32cubeide_1.4.0/stm32cubeide/plugins/com.st.stm32cube.ide.mcu.externaltools.gnu-tools-for-stm32.7-2018-q2-update.win32_1.4.0.202007081208/tools/bin/../lib/gcc/arm-none-eabi/7.3.1/../../../../arm-none-eabi/lib/thumb/v7e-m/fpv4-sp/hard\libc_nano.a
LOAD c:/st/stm32cubeide_1.4.0/stm32cubeide/plugins/com.st.stm32cube.ide.mcu.externaltools.gnu-tools-for-stm32.7-2018-q2-update.win32_1.4.0.202007081208/tools/bin/../lib/gcc/arm-none-eabi/7.3.1/../../../../arm-none-eabi/lib/thumb/v7e-m/fpv4-sp/hard\libnosys.a
END GROUP
START GROUP
LOAD c:/st/stm32cubeide_1.4.0/stm32cubeide/plugins/com.st.stm32cube.ide.mcu.externaltools.gnu-tools-for-stm32.7-2018-q2-update.win32_1.4.0.202007081208/tools/bin/../lib/gcc/arm-none-eabi/7.3.1/thumb/v7e-m/fpv4-sp/hard\libgcc.a
LOAD c:/st/stm32cubeide_1.4.0/stm32cubeide/plugins/com.st.stm32cube.ide.mcu.externaltools.gnu-tools-for-stm32.7-2018-q2-update.win32_1.4.0.202007081208/tools/bin/../lib/gcc/arm-none-eabi/7.3.1/../../../../arm-none-eabi/lib/thumb/v7e-m/fpv4-sp/hard\libc_nano.a
LOAD c:/st/stm32cubeide_1.4.0/stm32cubeide/plugins/com.st.stm32cube.ide.mcu.externaltools.gnu-tools-for-stm32.7-2018-q2-update.win32_1.4.0.202007081208/tools/bin/../lib/gcc/arm-none-eabi/7.3.1/../../../../arm-none-eabi/lib/thumb/v7e-m/fpv4-sp/hard\libnosys.a
END GROUP
LOAD c:/st/stm32cubeide_1.4.0/stm32cubeide/plugins/com.st.stm32cube.ide.mcu.externaltools.gnu-tools-for-stm32.7-2018-q2-update.win32_1.4.0.202007081208/tools/bin/../lib/gcc/arm-none-eabi/7.3.1/thumb/v7e-m/fpv4-sp/hard/crtend.o
LOAD c:/st/stm32cubeide_1.4.0/stm32cubeide/plugins/com.st.stm32cube.ide.mcu.externaltools.gnu-tools-for-stm32.7-2018-q2-update.win32_1.4.0.202007081208/tools/bin/../lib/gcc/arm-none-eabi/7.3.1/thumb/v7e-m/fpv4-sp/hard/crtn.o
                0x0000000020003000                _estack = 0x20003000
                0x0000000000000200                _Min_Heap_Size = 0x200
                0x0000000000000400                _Min_Stack_Size = 0x400

.isr_vector     0x0000000008000000      0x188
                0x0000000008000000                . = ALIGN (0x4)
 *(.isr_vector)
 .isr_vector    0x0000000008000000      0x188 Startup/startup_stm32f303k8tx.o
                0x0000000008000000                g_pfnVectors
                0x0000000008000188                . = ALIGN (0x4)

.text           0x0000000008000190     0x47f0
                0x0000000008000190                . = ALIGN (0x4)
 *(.text)
 .text          0x0000000008000190       0x40 c:/st/stm32cubeide_1.4.0/stm32cubeide/plugins/com.st.stm32cube.ide.mcu.externaltools.gnu-tools-for-stm32.7-2018-q2-update.win32_1.4.0.202007081208/tools/bin/../lib/gcc/arm-none-eabi/7.3.1/thumb/v7e-m/fpv4-sp/hard/crtbegin.o
 .text          0x00000000080001d0       0x10 c:/st/stm32cubeide_1.4.0/stm32cubeide/plugins/com.st.stm32cube.ide.mcu.externaltools.gnu-tools-for-stm32.7-2018-q2-update.win32_1.4.0.202007081208/tools/bin/../lib/gcc/arm-none-eabi/7.3.1/../../../../arm-none-eabi/lib/thumb/v7e-m/fpv4-sp/hard\libc_nano.a(lib_a-strlen.o)
                0x00000000080001d0                strlen
 .text          0x00000000080001e0       0xa0 c:/st/stm32cubeide_1.4.0/stm32cubeide/plugins/com.st.stm32cube.ide.mcu.externaltools.gnu-tools-for-stm32.7-2018-q2-update.win32_1.4.0.202007081208/tools/bin/../lib/gcc/arm-none-eabi/7.3.1/../../../../arm-none-eabi/lib/thumb/v7e-m/fpv4-sp/hard\libc_nano.a(lib_a-memchr.o)
                0x00000000080001e0                memchr
 .text          0x0000000008000280      0x378 c:/st/stm32cubeide_1.4.0/stm32cubeide/plugins/com.st.stm32cube.ide.mcu.externaltools.gnu-tools-for-stm32.7-2018-q2-update.win32_1.4.0.202007081208/tools/bin/../lib/gcc/arm-none-eabi/7.3.1/thumb/v7e-m/fpv4-sp/hard\libgcc.a(_arm_addsubdf3.o)
                0x0000000008000280                __aeabi_drsub
                0x0000000008000288                __aeabi_dsub
                0x0000000008000288                __subdf3
                0x000000000800028c                __aeabi_dadd
                0x000000000800028c                __adddf3
                0x0000000008000504                __floatunsidf
                0x0000000008000504                __aeabi_ui2d
                0x0000000008000524                __floatsidf
                0x0000000008000524                __aeabi_i2d
                0x0000000008000548                __aeabi_f2d
                0x0000000008000548                __extendsfdf2
                0x000000000800058c                __floatundidf
                0x000000000800058c                __aeabi_ul2d
                0x000000000800059c                __floatdidf
                0x000000000800059c                __aeabi_l2d
 .text          0x00000000080005f8      0x424 c:/st/stm32cubeide_1.4.0/stm32cubeide/plugins/com.st.stm32cube.ide.mcu.externaltools.gnu-tools-for-stm32.7-2018-q2-update.win32_1.4.0.202007081208/tools/bin/../lib/gcc/arm-none-eabi/7.3.1/thumb/v7e-m/fpv4-sp/hard\libgcc.a(_arm_muldivdf3.o)
                0x00000000080005f8                __aeabi_dmul
                0x00000000080005f8                __muldf3
                0x000000000800084c                __divdf3
                0x000000000800084c                __aeabi_ddiv
 .text          0x0000000008000a1c      0x110 c:/st/stm32cubeide_1.4.0/stm32cubeide/plugins/com.st.stm32cube.ide.mcu.externaltools.gnu-tools-for-stm32.7-2018-q2-update.win32_1.4.0.202007081208/tools/bin/../lib/gcc/arm-none-eabi/7.3.1/thumb/v7e-m/fpv4-sp/hard\libgcc.a(_arm_cmpdf2.o)
                0x0000000008000a1c                __gtdf2
                0x0000000008000a1c                __gedf2
                0x0000000008000a24                __ltdf2
                0x0000000008000a24                __ledf2
                0x0000000008000a2c                __nedf2
                0x0000000008000a2c                __eqdf2
                0x0000000008000a2c                __cmpdf2
                0x0000000008000aa8                __aeabi_cdrcmple
                0x0000000008000ab8                __aeabi_cdcmpeq
                0x0000000008000ab8                __aeabi_cdcmple
                0x0000000008000ac8                __aeabi_dcmpeq
                0x0000000008000adc                __aeabi_dcmplt
                0x0000000008000af0                __aeabi_dcmple
                0x0000000008000b04                __aeabi_dcmpge
                0x0000000008000b18                __aeabi_dcmpgt
 .text          0x0000000008000b2c       0x2c c:/st/stm32cubeide_1.4.0/stm32cubeide/plugins/com.st.stm32cube.ide.mcu.externaltools.gnu-tools-for-stm32.7-2018-q2-update.win32_1.4.0.202007081208/tools/bin/../lib/gcc/arm-none-eabi/7.3.1/thumb/v7e-m/fpv4-sp/hard\libgcc.a(_arm_unorddf2.o)
                0x0000000008000b2c                __unorddf2
                0x0000000008000b2c                __aeabi_dcmpun
 .text          0x0000000008000b58       0x50 c:/st/stm32cubeide_1.4.0/stm32cubeide/plugins/com.st.stm32cube.ide.mcu.externaltools.gnu-tools-for-stm32.7-2018-q2-update.win32_1.4.0.202007081208/tools/bin/../lib/gcc/arm-none-eabi/7.3.1/thumb/v7e-m/fpv4-sp/hard\libgcc.a(_arm_fixdfsi.o)
                0x0000000008000b58                __aeabi_d2iz
                0x0000000008000b58                __fixdfsi
 *(.text*)
 .text.LL_GPIO_SetPinMode
                0x0000000008000ba8       0x5a Drivers/STM32F3xx_HAL_Driver/Src/stm32f3xx_ll_gpio.o
 .text.LL_GPIO_SetPinOutputType
                0x0000000008000c02       0x30 Drivers/STM32F3xx_HAL_Driver/Src/stm32f3xx_ll_gpio.o
 .text.LL_GPIO_SetPinSpeed
                0x0000000008000c32       0x5a Drivers/STM32F3xx_HAL_Driver/Src/stm32f3xx_ll_gpio.o
 .text.LL_GPIO_SetPinPull
                0x0000000008000c8c       0x5a Drivers/STM32F3xx_HAL_Driver/Src/stm32f3xx_ll_gpio.o
 .text.LL_GPIO_SetAFPin_0_7
                0x0000000008000ce6       0x5a Drivers/STM32F3xx_HAL_Driver/Src/stm32f3xx_ll_gpio.o
 .text.LL_GPIO_SetAFPin_8_15
                0x0000000008000d40       0x5e Drivers/STM32F3xx_HAL_Driver/Src/stm32f3xx_ll_gpio.o
 .text.LL_GPIO_Init
                0x0000000008000d9e       0xf4 Drivers/STM32F3xx_HAL_Driver/Src/stm32f3xx_ll_gpio.o
                0x0000000008000d9e                LL_GPIO_Init
 *fill*         0x0000000008000e92        0x2 
 .text.LL_RCC_HSI_IsReady
                0x0000000008000e94       0x24 Drivers/STM32F3xx_HAL_Driver/Src/stm32f3xx_ll_rcc.o
 .text.LL_RCC_LSE_IsReady
                0x0000000008000eb8       0x24 Drivers/STM32F3xx_HAL_Driver/Src/stm32f3xx_ll_rcc.o
 .text.LL_RCC_GetSysClkSource
                0x0000000008000edc       0x1c Drivers/STM32F3xx_HAL_Driver/Src/stm32f3xx_ll_rcc.o
 .text.LL_RCC_GetAHBPrescaler
                0x0000000008000ef8       0x1c Drivers/STM32F3xx_HAL_Driver/Src/stm32f3xx_ll_rcc.o
 .text.LL_RCC_GetAPB1Prescaler
                0x0000000008000f14       0x1c Drivers/STM32F3xx_HAL_Driver/Src/stm32f3xx_ll_rcc.o
 .text.LL_RCC_GetAPB2Prescaler
                0x0000000008000f30       0x1c Drivers/STM32F3xx_HAL_Driver/Src/stm32f3xx_ll_rcc.o
 .text.LL_RCC_GetUSARTClockSource
                0x0000000008000f4c       0x2c Drivers/STM32F3xx_HAL_Driver/Src/stm32f3xx_ll_rcc.o
 .text.LL_RCC_PLL_GetMainSource
                0x0000000008000f78       0x1c Drivers/STM32F3xx_HAL_Driver/Src/stm32f3xx_ll_rcc.o
 .text.LL_RCC_PLL_GetMultiplicator
                0x0000000008000f94       0x1c Drivers/STM32F3xx_HAL_Driver/Src/stm32f3xx_ll_rcc.o
 .text.LL_RCC_PLL_GetPrediv
                0x0000000008000fb0       0x1c Drivers/STM32F3xx_HAL_Driver/Src/stm32f3xx_ll_rcc.o
 .text.LL_RCC_GetSystemClocksFreq
                0x0000000008000fcc       0x4a Drivers/STM32F3xx_HAL_Driver/Src/stm32f3xx_ll_rcc.o
                0x0000000008000fcc                LL_RCC_GetSystemClocksFreq
 *fill*         0x0000000008001016        0x2 
 .text.LL_RCC_GetUSARTClockFreq
                0x0000000008001018       0x80 Drivers/STM32F3xx_HAL_Driver/Src/stm32f3xx_ll_rcc.o
                0x0000000008001018                LL_RCC_GetUSARTClockFreq
 .text.RCC_GetSystemClockFreq
                0x0000000008001098       0x44 Drivers/STM32F3xx_HAL_Driver/Src/stm32f3xx_ll_rcc.o
                0x0000000008001098                RCC_GetSystemClockFreq
 .text.RCC_GetHCLKClockFreq
                0x00000000080010dc       0x2c Drivers/STM32F3xx_HAL_Driver/Src/stm32f3xx_ll_rcc.o
                0x00000000080010dc                RCC_GetHCLKClockFreq
 .text.RCC_GetPCLK1ClockFreq
                0x0000000008001108       0x28 Drivers/STM32F3xx_HAL_Driver/Src/stm32f3xx_ll_rcc.o
                0x0000000008001108                RCC_GetPCLK1ClockFreq
 .text.RCC_GetPCLK2ClockFreq
                0x0000000008001130       0x28 Drivers/STM32F3xx_HAL_Driver/Src/stm32f3xx_ll_rcc.o
                0x0000000008001130                RCC_GetPCLK2ClockFreq
 .text.RCC_PLL_GetFreqDomain_SYS
                0x0000000008001158       0x78 Drivers/STM32F3xx_HAL_Driver/Src/stm32f3xx_ll_rcc.o
                0x0000000008001158                RCC_PLL_GetFreqDomain_SYS
 .text.LL_USART_IsEnabled
                0x00000000080011d0       0x26 Drivers/STM32F3xx_HAL_Driver/Src/stm32f3xx_ll_usart.o
 .text.LL_USART_SetStopBitsLength
                0x00000000080011f6       0x26 Drivers/STM32F3xx_HAL_Driver/Src/stm32f3xx_ll_usart.o
 .text.LL_USART_SetHWFlowCtrl
                0x000000000800121c       0x26 Drivers/STM32F3xx_HAL_Driver/Src/stm32f3xx_ll_usart.o
 .text.LL_USART_SetBaudRate
                0x0000000008001242       0x64 Drivers/STM32F3xx_HAL_Driver/Src/stm32f3xx_ll_usart.o
 *fill*         0x00000000080012a6        0x2 
 .text.LL_USART_Init
                0x00000000080012a8       0xd8 Drivers/STM32F3xx_HAL_Driver/Src/stm32f3xx_ll_usart.o
                0x00000000080012a8                LL_USART_Init
 .text.LL_InitTick
                0x0000000008001380       0x34 Drivers/STM32F3xx_HAL_Driver/Src/stm32f3xx_ll_utils.o
 .text.LL_Init1msTick
                0x00000000080013b4       0x1a Drivers/STM32F3xx_HAL_Driver/Src/stm32f3xx_ll_utils.o
                0x00000000080013b4                LL_Init1msTick
 *fill*         0x00000000080013ce        0x2 
 .text.LL_mDelay
                0x00000000080013d0       0x48 Drivers/STM32F3xx_HAL_Driver/Src/stm32f3xx_ll_utils.o
                0x00000000080013d0                LL_mDelay
 .text.LL_SetSystemCoreClock
                0x0000000008001418       0x20 Drivers/STM32F3xx_HAL_Driver/Src/stm32f3xx_ll_utils.o
                0x0000000008001418                LL_SetSystemCoreClock
 .text.NVIC_EnableIRQ
                0x0000000008001438       0x34 Src/dma.o
 .text.NVIC_SetPriority
                0x000000000800146c       0x54 Src/dma.o
 .text.LL_AHB1_GRP1_EnableClock
                0x00000000080014c0       0x30 Src/dma.o
 .text.MX_DMA_Init
                0x00000000080014f0       0x2a Src/dma.o
                0x00000000080014f0                MX_DMA_Init
 *fill*         0x000000000800151a        0x2 
 .text.LL_AHB1_GRP1_EnableClock
                0x000000000800151c       0x30 Src/gpio.o
 .text.LL_GPIO_ResetOutputPin
                0x000000000800154c       0x1c Src/gpio.o
 .text.MX_GPIO_Init
                0x0000000008001568       0x58 Src/gpio.o
                0x0000000008001568                MX_GPIO_Init
 .text.NVIC_SetPriorityGrouping
                0x00000000080015c0       0x48 Src/main.o
 .text.LL_DMA_IsEnabledChannel
                0x0000000008001608       0x38 Src/main.o
 .text.LL_RCC_HSI_Enable
                0x0000000008001640       0x20 Src/main.o
 .text.LL_RCC_HSI_IsReady
                0x0000000008001660       0x24 Src/main.o
 .text.LL_RCC_HSI_SetCalibTrimming
                0x0000000008001684       0x2c Src/main.o
 .text.LL_RCC_SetSysClkSource
                0x00000000080016b0       0x28 Src/main.o
 .text.LL_RCC_GetSysClkSource
                0x00000000080016d8       0x1c Src/main.o
 .text.LL_RCC_SetAHBPrescaler
                0x00000000080016f4       0x28 Src/main.o
 .text.LL_RCC_SetAPB1Prescaler
                0x000000000800171c       0x28 Src/main.o
 .text.LL_RCC_SetAPB2Prescaler
                0x0000000008001744       0x28 Src/main.o
 .text.LL_APB1_GRP1_EnableClock
                0x000000000800176c       0x30 Src/main.o
 .text.LL_APB2_GRP1_EnableClock
                0x000000000800179c       0x30 Src/main.o
 .text.LL_FLASH_SetLatency
                0x00000000080017cc       0x28 Src/main.o
 .text.LL_FLASH_GetLatency
                0x00000000080017f4       0x1c Src/main.o
 .text.LL_SYSTICK_SetClkSource
                0x0000000008001810       0x38 Src/main.o
 .text.main     0x0000000008001848       0x4c Src/main.o
                0x0000000008001848                main
 .text.SystemClock_Config
                0x0000000008001894       0x6c Src/main.o
                0x0000000008001894                SystemClock_Config
 .text.proccesDmaData
                0x0000000008001900       0x90 Src/main.o
                0x0000000008001900                proccesDmaData
 .text.characterCaseCounter
                0x0000000008001990       0x84 Src/main.o
                0x0000000008001990                characterCaseCounter
 .text.sendBufOccupMessage
                0x0000000008001a14      0x150 Src/main.o
                0x0000000008001a14                sendBufOccupMessage
 .text.Error_Handler
                0x0000000008001b64        0xe Src/main.o
                0x0000000008001b64                Error_Handler
 *fill*         0x0000000008001b72        0x2 
 .text.LL_DMA_DisableChannel
                0x0000000008001b74       0x40 Src/stm32f3xx_it.o
 .text.LL_DMA_IsActiveFlag_TC6
                0x0000000008001bb4       0x28 Src/stm32f3xx_it.o
 .text.LL_DMA_IsActiveFlag_TC7
                0x0000000008001bdc       0x28 Src/stm32f3xx_it.o
 .text.LL_DMA_IsActiveFlag_HT6
                0x0000000008001c04       0x28 Src/stm32f3xx_it.o
 .text.LL_DMA_ClearFlag_TC6
                0x0000000008001c2c       0x1c Src/stm32f3xx_it.o
 .text.LL_DMA_ClearFlag_TC7
                0x0000000008001c48       0x1c Src/stm32f3xx_it.o
 .text.LL_DMA_ClearFlag_HT6
                0x0000000008001c64       0x1c Src/stm32f3xx_it.o
 .text.LL_USART_IsActiveFlag_IDLE
                0x0000000008001c80       0x26 Src/stm32f3xx_it.o
 .text.LL_USART_IsActiveFlag_TC
                0x0000000008001ca6       0x26 Src/stm32f3xx_it.o
 .text.LL_USART_ClearFlag_IDLE
                0x0000000008001ccc       0x1a Src/stm32f3xx_it.o
 .text.NMI_Handler
                0x0000000008001ce6        0xe Src/stm32f3xx_it.o
                0x0000000008001ce6                NMI_Handler
 .text.HardFault_Handler
                0x0000000008001cf4        0x6 Src/stm32f3xx_it.o
                0x0000000008001cf4                HardFault_Handler
 .text.MemManage_Handler
                0x0000000008001cfa        0x6 Src/stm32f3xx_it.o
                0x0000000008001cfa                MemManage_Handler
 .text.BusFault_Handler
                0x0000000008001d00        0x6 Src/stm32f3xx_it.o
                0x0000000008001d00                BusFault_Handler
 .text.UsageFault_Handler
                0x0000000008001d06        0x6 Src/stm32f3xx_it.o
                0x0000000008001d06                UsageFault_Handler
 .text.SVC_Handler
                0x0000000008001d0c        0xe Src/stm32f3xx_it.o
                0x0000000008001d0c                SVC_Handler
 .text.DebugMon_Handler
                0x0000000008001d1a        0xe Src/stm32f3xx_it.o
                0x0000000008001d1a                DebugMon_Handler
 .text.PendSV_Handler
                0x0000000008001d28        0xe Src/stm32f3xx_it.o
                0x0000000008001d28                PendSV_Handler
 .text.SysTick_Handler
                0x0000000008001d36        0xe Src/stm32f3xx_it.o
                0x0000000008001d36                SysTick_Handler
 .text.DMA1_Channel6_IRQHandler
                0x0000000008001d44       0x3c Src/stm32f3xx_it.o
                0x0000000008001d44                DMA1_Channel6_IRQHandler
 .text.DMA1_Channel7_IRQHandler
                0x0000000008001d80       0x38 Src/stm32f3xx_it.o
                0x0000000008001d80                DMA1_Channel7_IRQHandler
 .text.USART2_IRQHandler
                0x0000000008001db8       0x24 Src/stm32f3xx_it.o
                0x0000000008001db8                USART2_IRQHandler
 .text._sbrk    0x0000000008001ddc       0x58 Src/sysmem.o
                0x0000000008001ddc                _sbrk
 .text.SystemInit
                0x0000000008001e34       0x94 Src/system_stm32f3xx.o
                0x0000000008001e34                SystemInit
 .text.NVIC_EnableIRQ
                0x0000000008001ec8       0x34 Src/usart.o
 .text.NVIC_SetPriority
                0x0000000008001efc       0x54 Src/usart.o
 .text.LL_DMA_EnableChannel
                0x0000000008001f50       0x40 Src/usart.o
 .text.LL_DMA_DisableChannel
                0x0000000008001f90       0x40 Src/usart.o
 .text.LL_DMA_SetDataTransferDirection
                0x0000000008001fd0       0x4c Src/usart.o
 .text.LL_DMA_GetDataTransferDirection
                0x000000000800201c       0x30 Src/usart.o
 .text.LL_DMA_SetMode
                0x000000000800204c       0x48 Src/usart.o
 .text.LL_DMA_SetPeriphIncMode
                0x0000000008002094       0x48 Src/usart.o
 .text.LL_DMA_SetMemoryIncMode
                0x00000000080020dc       0x48 Src/usart.o
 .text.LL_DMA_SetPeriphSize
                0x0000000008002124       0x48 Src/usart.o
 .text.LL_DMA_SetMemorySize
                0x000000000800216c       0x48 Src/usart.o
 .text.LL_DMA_SetChannelPriorityLevel
                0x00000000080021b4       0x48 Src/usart.o
 .text.LL_DMA_SetDataLength
                0x00000000080021fc       0x48 Src/usart.o
 .text.LL_DMA_GetDataLength
                0x0000000008002244       0x2c Src/usart.o
 .text.LL_DMA_ConfigAddresses
                0x0000000008002270       0x78 Src/usart.o
 .text.LL_DMA_SetMemoryAddress
                0x00000000080022e8       0x30 Src/usart.o
 .text.LL_DMA_SetPeriphAddress
                0x0000000008002318       0x30 Src/usart.o
 .text.LL_DMA_EnableIT_TC
                0x0000000008002348       0x40 Src/usart.o
 .text.LL_DMA_EnableIT_HT
                0x0000000008002388       0x40 Src/usart.o
 .text.LL_DMA_EnableIT_TE
                0x00000000080023c8       0x40 Src/usart.o
 .text.LL_AHB1_GRP1_EnableClock
                0x0000000008002408       0x30 Src/usart.o
 .text.LL_APB1_GRP1_EnableClock
                0x0000000008002438       0x30 Src/usart.o
 .text.LL_USART_Enable
                0x0000000008002468       0x20 Src/usart.o
 .text.LL_USART_ConfigAsyncMode
                0x0000000008002488       0x2c Src/usart.o
 .text.LL_USART_EnableIT_IDLE
                0x00000000080024b4       0x20 Src/usart.o
 .text.LL_USART_DisableIT_CTS
                0x00000000080024d4       0x20 Src/usart.o
 .text.LL_USART_EnableDMAReq_RX
                0x00000000080024f4       0x20 Src/usart.o
 .text.LL_USART_EnableDMAReq_TX
                0x0000000008002514       0x20 Src/usart.o
 .text.LL_USART_DMA_GetRegAddr
                0x0000000008002534       0x2c Src/usart.o
 .text.USART2_RegisterCallback
                0x0000000008002560       0x24 Src/usart.o
                0x0000000008002560                USART2_RegisterCallback
 .text.MX_USART2_UART_Init
                0x0000000008002584      0x1c4 Src/usart.o
                0x0000000008002584                MX_USART2_UART_Init
 .text.USART2_PutBuffer
                0x0000000008002748       0x40 Src/usart.o
                0x0000000008002748                USART2_PutBuffer
 .text.USART2_CheckDmaReception
                0x0000000008002788       0xac Src/usart.o
                0x0000000008002788                USART2_CheckDmaReception
 .text.Reset_Handler
                0x0000000008002834       0x50 Startup/startup_stm32f303k8tx.o
                0x0000000008002834                Reset_Handler
 .text.Default_Handler
                0x0000000008002884        0x2 Startup/startup_stm32f303k8tx.o
                0x0000000008002884                RTC_Alarm_IRQHandler
                0x0000000008002884                TIM1_CC_IRQHandler
                0x0000000008002884                PVD_IRQHandler
                0x0000000008002884                TAMP_STAMP_IRQHandler
                0x0000000008002884                EXTI3_IRQHandler
                0x0000000008002884                EXTI0_IRQHandler
                0x0000000008002884                FPU_IRQHandler
                0x0000000008002884                CAN_TX_IRQHandler
                0x0000000008002884                TIM1_UP_TIM16_IRQHandler
                0x0000000008002884                ADC1_2_IRQHandler
                0x0000000008002884                SPI1_IRQHandler
                0x0000000008002884                CAN_SCE_IRQHandler
                0x0000000008002884                DMA1_Channel4_IRQHandler
                0x0000000008002884                USART3_IRQHandler
                0x0000000008002884                TIM7_DAC2_IRQHandler
                0x0000000008002884                CAN_RX1_IRQHandler
                0x0000000008002884                I2C1_EV_IRQHandler
                0x0000000008002884                TIM3_IRQHandler
                0x0000000008002884                RCC_IRQHandler
                0x0000000008002884                DMA1_Channel1_IRQHandler
                0x0000000008002884                Default_Handler
                0x0000000008002884                EXTI15_10_IRQHandler
                0x0000000008002884                COMP2_IRQHandler
                0x0000000008002884                TIM6_DAC1_IRQHandler
                0x0000000008002884                EXTI9_5_IRQHandler
                0x0000000008002884                RTC_WKUP_IRQHandler
                0x0000000008002884                DMA1_Channel5_IRQHandler
                0x0000000008002884                EXTI4_IRQHandler
                0x0000000008002884                TIM1_TRG_COM_TIM17_IRQHandler
                0x0000000008002884                DMA1_Channel3_IRQHandler
                0x0000000008002884                WWDG_IRQHandler
                0x0000000008002884                TIM2_IRQHandler
                0x0000000008002884                EXTI1_IRQHandler
                0x0000000008002884                COMP4_6_IRQHandler
                0x0000000008002884                DMA1_Channel2_IRQHandler
                0x0000000008002884                FLASH_IRQHandler
                0x0000000008002884                USART1_IRQHandler
                0x0000000008002884                CAN_RX0_IRQHandler
                0x0000000008002884                I2C1_ER_IRQHandler
                0x0000000008002884                EXTI2_TSC_IRQHandler
                0x0000000008002884                TIM1_BRK_TIM15_IRQHandler
 *fill*         0x0000000008002886        0x2 
 .text.__errno  0x0000000008002888        0xc c:/st/stm32cubeide_1.4.0/stm32cubeide/plugins/com.st.stm32cube.ide.mcu.externaltools.gnu-tools-for-stm32.7-2018-q2-update.win32_1.4.0.202007081208/tools/bin/../lib/gcc/arm-none-eabi/7.3.1/../../../../arm-none-eabi/lib/thumb/v7e-m/fpv4-sp/hard\libc_nano.a(lib_a-errno.o)
                0x0000000008002888                __errno
 .text.__libc_init_array
                0x0000000008002894       0x48 c:/st/stm32cubeide_1.4.0/stm32cubeide/plugins/com.st.stm32cube.ide.mcu.externaltools.gnu-tools-for-stm32.7-2018-q2-update.win32_1.4.0.202007081208/tools/bin/../lib/gcc/arm-none-eabi/7.3.1/../../../../arm-none-eabi/lib/thumb/v7e-m/fpv4-sp/hard\libc_nano.a(lib_a-init.o)
                0x0000000008002894                __libc_init_array
 .text.memset   0x00000000080028dc       0x10 c:/st/stm32cubeide_1.4.0/stm32cubeide/plugins/com.st.stm32cube.ide.mcu.externaltools.gnu-tools-for-stm32.7-2018-q2-update.win32_1.4.0.202007081208/tools/bin/../lib/gcc/arm-none-eabi/7.3.1/../../../../arm-none-eabi/lib/thumb/v7e-m/fpv4-sp/hard\libc_nano.a(lib_a-memset.o)
                0x00000000080028dc                memset
 .text.__cvt    0x00000000080028ec       0xc2 c:/st/stm32cubeide_1.4.0/stm32cubeide/plugins/com.st.stm32cube.ide.mcu.externaltools.gnu-tools-for-stm32.7-2018-q2-update.win32_1.4.0.202007081208/tools/bin/../lib/gcc/arm-none-eabi/7.3.1/../../../../arm-none-eabi/lib/thumb/v7e-m/fpv4-sp/hard\libc_nano.a(lib_a-nano-vfprintf_float.o)
                0x00000000080028ec                __cvt
 .text.__exponent
                0x00000000080029ae       0x66 c:/st/stm32cubeide_1.4.0/stm32cubeide/plugins/com.st.stm32cube.ide.mcu.externaltools.gnu-tools-for-stm32.7-2018-q2-update.win32_1.4.0.202007081208/tools/bin/../lib/gcc/arm-none-eabi/7.3.1/../../../../arm-none-eabi/lib/thumb/v7e-m/fpv4-sp/hard\libc_nano.a(lib_a-nano-vfprintf_float.o)
                0x00000000080029ae                __exponent
 .text._printf_float
                0x0000000008002a14      0x480 c:/st/stm32cubeide_1.4.0/stm32cubeide/plugins/com.st.stm32cube.ide.mcu.externaltools.gnu-tools-for-stm32.7-2018-q2-update.win32_1.4.0.202007081208/tools/bin/../lib/gcc/arm-none-eabi/7.3.1/../../../../arm-none-eabi/lib/thumb/v7e-m/fpv4-sp/hard\libc_nano.a(lib_a-nano-vfprintf_float.o)
                0x0000000008002a14                _printf_float
 .text._printf_common
                0x0000000008002e94       0xea c:/st/stm32cubeide_1.4.0/stm32cubeide/plugins/com.st.stm32cube.ide.mcu.externaltools.gnu-tools-for-stm32.7-2018-q2-update.win32_1.4.0.202007081208/tools/bin/../lib/gcc/arm-none-eabi/7.3.1/../../../../arm-none-eabi/lib/thumb/v7e-m/fpv4-sp/hard\libc_nano.a(lib_a-nano-vfprintf_i.o)
                0x0000000008002e94                _printf_common
 *fill*         0x0000000008002f7e        0x2 
 .text._printf_i
                0x0000000008002f80      0x224 c:/st/stm32cubeide_1.4.0/stm32cubeide/plugins/com.st.stm32cube.ide.mcu.externaltools.gnu-tools-for-stm32.7-2018-q2-update.win32_1.4.0.202007081208/tools/bin/../lib/gcc/arm-none-eabi/7.3.1/../../../../arm-none-eabi/lib/thumb/v7e-m/fpv4-sp/hard\libc_nano.a(lib_a-nano-vfprintf_i.o)
                0x0000000008002f80                _printf_i
 .text.sprintf  0x00000000080031a4       0x40 c:/st/stm32cubeide_1.4.0/stm32cubeide/plugins/com.st.stm32cube.ide.mcu.externaltools.gnu-tools-for-stm32.7-2018-q2-update.win32_1.4.0.202007081208/tools/bin/../lib/gcc/arm-none-eabi/7.3.1/../../../../arm-none-eabi/lib/thumb/v7e-m/fpv4-sp/hard\libc_nano.a(lib_a-sprintf.o)
                0x00000000080031a4                siprintf
                0x00000000080031a4                sprintf
 .text.quorem   0x00000000080031e4      0x118 c:/st/stm32cubeide_1.4.0/stm32cubeide/plugins/com.st.stm32cube.ide.mcu.externaltools.gnu-tools-for-stm32.7-2018-q2-update.win32_1.4.0.202007081208/tools/bin/../lib/gcc/arm-none-eabi/7.3.1/../../../../arm-none-eabi/lib/thumb/v7e-m/fpv4-sp/hard\libc_nano.a(lib_a-dtoa.o)
 *fill*         0x00000000080032fc        0x4 
 .text._dtoa_r  0x0000000008003300      0xb70 c:/st/stm32cubeide_1.4.0/stm32cubeide/plugins/com.st.stm32cube.ide.mcu.externaltools.gnu-tools-for-stm32.7-2018-q2-update.win32_1.4.0.202007081208/tools/bin/../lib/gcc/arm-none-eabi/7.3.1/../../../../arm-none-eabi/lib/thumb/v7e-m/fpv4-sp/hard\libc_nano.a(lib_a-dtoa.o)
                0x0000000008003300                _dtoa_r
 .text._localeconv_r
                0x0000000008003e70       0x1c c:/st/stm32cubeide_1.4.0/stm32cubeide/plugins/com.st.stm32cube.ide.mcu.externaltools.gnu-tools-for-stm32.7-2018-q2-update.win32_1.4.0.202007081208/tools/bin/../lib/gcc/arm-none-eabi/7.3.1/../../../../arm-none-eabi/lib/thumb/v7e-m/fpv4-sp/hard\libc_nano.a(lib_a-localeconv.o)
                0x0000000008003e70                _localeconv_r
 .text.malloc   0x0000000008003e8c       0x10 c:/st/stm32cubeide_1.4.0/stm32cubeide/plugins/com.st.stm32cube.ide.mcu.externaltools.gnu-tools-for-stm32.7-2018-q2-update.win32_1.4.0.202007081208/tools/bin/../lib/gcc/arm-none-eabi/7.3.1/../../../../arm-none-eabi/lib/thumb/v7e-m/fpv4-sp/hard\libc_nano.a(lib_a-malloc.o)
                0x0000000008003e8c                malloc
 .text.memcpy   0x0000000008003e9c       0x16 c:/st/stm32cubeide_1.4.0/stm32cubeide/plugins/com.st.stm32cube.ide.mcu.externaltools.gnu-tools-for-stm32.7-2018-q2-update.win32_1.4.0.202007081208/tools/bin/../lib/gcc/arm-none-eabi/7.3.1/../../../../arm-none-eabi/lib/thumb/v7e-m/fpv4-sp/hard\libc_nano.a(lib_a-memcpy-stub.o)
                0x0000000008003e9c                memcpy
 .text._Balloc  0x0000000008003eb2       0x68 c:/st/stm32cubeide_1.4.0/stm32cubeide/plugins/com.st.stm32cube.ide.mcu.externaltools.gnu-tools-for-stm32.7-2018-q2-update.win32_1.4.0.202007081208/tools/bin/../lib/gcc/arm-none-eabi/7.3.1/../../../../arm-none-eabi/lib/thumb/v7e-m/fpv4-sp/hard\libc_nano.a(lib_a-mprec.o)
                0x0000000008003eb2                _Balloc
 .text._Bfree   0x0000000008003f1a       0x2e c:/st/stm32cubeide_1.4.0/stm32cubeide/plugins/com.st.stm32cube.ide.mcu.externaltools.gnu-tools-for-stm32.7-2018-q2-update.win32_1.4.0.202007081208/tools/bin/../lib/gcc/arm-none-eabi/7.3.1/../../../../arm-none-eabi/lib/thumb/v7e-m/fpv4-sp/hard\libc_nano.a(lib_a-mprec.o)
                0x0000000008003f1a                _Bfree
 .text.__multadd
                0x0000000008003f48       0x76 c:/st/stm32cubeide_1.4.0/stm32cubeide/plugins/com.st.stm32cube.ide.mcu.externaltools.gnu-tools-for-stm32.7-2018-q2-update.win32_1.4.0.202007081208/tools/bin/../lib/gcc/arm-none-eabi/7.3.1/../../../../arm-none-eabi/lib/thumb/v7e-m/fpv4-sp/hard\libc_nano.a(lib_a-mprec.o)
                0x0000000008003f48                __multadd
 .text.__hi0bits
                0x0000000008003fbe       0x3e c:/st/stm32cubeide_1.4.0/stm32cubeide/plugins/com.st.stm32cube.ide.mcu.externaltools.gnu-tools-for-stm32.7-2018-q2-update.win32_1.4.0.202007081208/tools/bin/../lib/gcc/arm-none-eabi/7.3.1/../../../../arm-none-eabi/lib/thumb/v7e-m/fpv4-sp/hard\libc_nano.a(lib_a-mprec.o)
                0x0000000008003fbe                __hi0bits
 .text.__lo0bits
                0x0000000008003ffc       0x5e c:/st/stm32cubeide_1.4.0/stm32cubeide/plugins/com.st.stm32cube.ide.mcu.externaltools.gnu-tools-for-stm32.7-2018-q2-update.win32_1.4.0.202007081208/tools/bin/../lib/gcc/arm-none-eabi/7.3.1/../../../../arm-none-eabi/lib/thumb/v7e-m/fpv4-sp/hard\libc_nano.a(lib_a-mprec.o)
                0x0000000008003ffc                __lo0bits
 .text.__i2b    0x000000000800405a       0x12 c:/st/stm32cubeide_1.4.0/stm32cubeide/plugins/com.st.stm32cube.ide.mcu.externaltools.gnu-tools-for-stm32.7-2018-q2-update.win32_1.4.0.202007081208/tools/bin/../lib/gcc/arm-none-eabi/7.3.1/../../../../arm-none-eabi/lib/thumb/v7e-m/fpv4-sp/hard\libc_nano.a(lib_a-mprec.o)
                0x000000000800405a                __i2b
 .text.__multiply
                0x000000000800406c      0x12c c:/st/stm32cubeide_1.4.0/stm32cubeide/plugins/com.st.stm32cube.ide.mcu.externaltools.gnu-tools-for-stm32.7-2018-q2-update.win32_1.4.0.202007081208/tools/bin/../lib/gcc/arm-none-eabi/7.3.1/../../../../arm-none-eabi/lib/thumb/v7e-m/fpv4-sp/hard\libc_nano.a(lib_a-mprec.o)
                0x000000000800406c                __multiply
 .text.__pow5mult
                0x0000000008004198       0x9c c:/st/stm32cubeide_1.4.0/stm32cubeide/plugins/com.st.stm32cube.ide.mcu.externaltools.gnu-tools-for-stm32.7-2018-q2-update.win32_1.4.0.202007081208/tools/bin/../lib/gcc/arm-none-eabi/7.3.1/../../../../arm-none-eabi/lib/thumb/v7e-m/fpv4-sp/hard\libc_nano.a(lib_a-mprec.o)
                0x0000000008004198                __pow5mult
 .text.__lshift
                0x0000000008004234       0xa8 c:/st/stm32cubeide_1.4.0/stm32cubeide/plugins/com.st.stm32cube.ide.mcu.externaltools.gnu-tools-for-stm32.7-2018-q2-update.win32_1.4.0.202007081208/tools/bin/../lib/gcc/arm-none-eabi/7.3.1/../../../../arm-none-eabi/lib/thumb/v7e-m/fpv4-sp/hard\libc_nano.a(lib_a-mprec.o)
                0x0000000008004234                __lshift
 .text.__mcmp   0x00000000080042dc       0x34 c:/st/stm32cubeide_1.4.0/stm32cubeide/plugins/com.st.stm32cube.ide.mcu.externaltools.gnu-tools-for-stm32.7-2018-q2-update.win32_1.4.0.202007081208/tools/bin/../lib/gcc/arm-none-eabi/7.3.1/../../../../arm-none-eabi/lib/thumb/v7e-m/fpv4-sp/hard\libc_nano.a(lib_a-mprec.o)
                0x00000000080042dc                __mcmp
 .text.__mdiff  0x0000000008004310       0xba c:/st/stm32cubeide_1.4.0/stm32cubeide/plugins/com.st.stm32cube.ide.mcu.externaltools.gnu-tools-for-stm32.7-2018-q2-update.win32_1.4.0.202007081208/tools/bin/../lib/gcc/arm-none-eabi/7.3.1/../../../../arm-none-eabi/lib/thumb/v7e-m/fpv4-sp/hard\libc_nano.a(lib_a-mprec.o)
                0x0000000008004310                __mdiff
 .text.__d2b    0x00000000080043ca       0x9e c:/st/stm32cubeide_1.4.0/stm32cubeide/plugins/com.st.stm32cube.ide.mcu.externaltools.gnu-tools-for-stm32.7-2018-q2-update.win32_1.4.0.202007081208/tools/bin/../lib/gcc/arm-none-eabi/7.3.1/../../../../arm-none-eabi/lib/thumb/v7e-m/fpv4-sp/hard\libc_nano.a(lib_a-mprec.o)
                0x00000000080043ca                __d2b
 .text._calloc_r
                0x0000000008004468       0x1c c:/st/stm32cubeide_1.4.0/stm32cubeide/plugins/com.st.stm32cube.ide.mcu.externaltools.gnu-tools-for-stm32.7-2018-q2-update.win32_1.4.0.202007081208/tools/bin/../lib/gcc/arm-none-eabi/7.3.1/../../../../arm-none-eabi/lib/thumb/v7e-m/fpv4-sp/hard\libc_nano.a(lib_a-nano-callocr.o)
                0x0000000008004468                _calloc_r
 .text._free_r  0x0000000008004484       0x9c c:/st/stm32cubeide_1.4.0/stm32cubeide/plugins/com.st.stm32cube.ide.mcu.externaltools.gnu-tools-for-stm32.7-2018-q2-update.win32_1.4.0.202007081208/tools/bin/../lib/gcc/arm-none-eabi/7.3.1/../../../../arm-none-eabi/lib/thumb/v7e-m/fpv4-sp/hard\libc_nano.a(lib_a-nano-freer.o)
                0x0000000008004484                _free_r
 .text._malloc_r
                0x0000000008004520       0xb4 c:/st/stm32cubeide_1.4.0/stm32cubeide/plugins/com.st.stm32cube.ide.mcu.externaltools.gnu-tools-for-stm32.7-2018-q2-update.win32_1.4.0.202007081208/tools/bin/../lib/gcc/arm-none-eabi/7.3.1/../../../../arm-none-eabi/lib/thumb/v7e-m/fpv4-sp/hard\libc_nano.a(lib_a-nano-mallocr.o)
                0x0000000008004520                _malloc_r
 .text.__ssputs_r
                0x00000000080045d4       0xb4 c:/st/stm32cubeide_1.4.0/stm32cubeide/plugins/com.st.stm32cube.ide.mcu.externaltools.gnu-tools-for-stm32.7-2018-q2-update.win32_1.4.0.202007081208/tools/bin/../lib/gcc/arm-none-eabi/7.3.1/../../../../arm-none-eabi/lib/thumb/v7e-m/fpv4-sp/hard\libc_nano.a(lib_a-nano-svfprintf.o)
                0x00000000080045d4                __ssputs_r
 .text._svfprintf_r
                0x0000000008004688      0x1f0 c:/st/stm32cubeide_1.4.0/stm32cubeide/plugins/com.st.stm32cube.ide.mcu.externaltools.gnu-tools-for-stm32.7-2018-q2-update.win32_1.4.0.202007081208/tools/bin/../lib/gcc/arm-none-eabi/7.3.1/../../../../arm-none-eabi/lib/thumb/v7e-m/fpv4-sp/hard\libc_nano.a(lib_a-nano-svfprintf.o)
                0x0000000008004688                _svfiprintf_r
                0x0000000008004688                _svfprintf_r
 .text._sbrk_r  0x0000000008004878       0x20 c:/st/stm32cubeide_1.4.0/stm32cubeide/plugins/com.st.stm32cube.ide.mcu.externaltools.gnu-tools-for-stm32.7-2018-q2-update.win32_1.4.0.202007081208/tools/bin/../lib/gcc/arm-none-eabi/7.3.1/../../../../arm-none-eabi/lib/thumb/v7e-m/fpv4-sp/hard\libc_nano.a(lib_a-sbrkr.o)
                0x0000000008004878                _sbrk_r
 .text.__ascii_mbtowc
                0x0000000008004898       0x24 c:/st/stm32cubeide_1.4.0/stm32cubeide/plugins/com.st.stm32cube.ide.mcu.externaltools.gnu-tools-for-stm32.7-2018-q2-update.win32_1.4.0.202007081208/tools/bin/../lib/gcc/arm-none-eabi/7.3.1/../../../../arm-none-eabi/lib/thumb/v7e-m/fpv4-sp/hard\libc_nano.a(lib_a-mbtowc_r.o)
                0x0000000008004898                __ascii_mbtowc
 .text.memmove  0x00000000080048bc       0x32 c:/st/stm32cubeide_1.4.0/stm32cubeide/plugins/com.st.stm32cube.ide.mcu.externaltools.gnu-tools-for-stm32.7-2018-q2-update.win32_1.4.0.202007081208/tools/bin/../lib/gcc/arm-none-eabi/7.3.1/../../../../arm-none-eabi/lib/thumb/v7e-m/fpv4-sp/hard\libc_nano.a(lib_a-memmove.o)
                0x00000000080048bc                memmove
 .text.__malloc_lock
                0x00000000080048ee        0x2 c:/st/stm32cubeide_1.4.0/stm32cubeide/plugins/com.st.stm32cube.ide.mcu.externaltools.gnu-tools-for-stm32.7-2018-q2-update.win32_1.4.0.202007081208/tools/bin/../lib/gcc/arm-none-eabi/7.3.1/../../../../arm-none-eabi/lib/thumb/v7e-m/fpv4-sp/hard\libc_nano.a(lib_a-mlock.o)
                0x00000000080048ee                __malloc_lock
 .text.__malloc_unlock
                0x00000000080048f0        0x2 c:/st/stm32cubeide_1.4.0/stm32cubeide/plugins/com.st.stm32cube.ide.mcu.externaltools.gnu-tools-for-stm32.7-2018-q2-update.win32_1.4.0.202007081208/tools/bin/../lib/gcc/arm-none-eabi/7.3.1/../../../../arm-none-eabi/lib/thumb/v7e-m/fpv4-sp/hard\libc_nano.a(lib_a-mlock.o)
                0x00000000080048f0                __malloc_unlock
 .text._realloc_r
                0x00000000080048f2       0x4c c:/st/stm32cubeide_1.4.0/stm32cubeide/plugins/com.st.stm32cube.ide.mcu.externaltools.gnu-tools-for-stm32.7-2018-q2-update.win32_1.4.0.202007081208/tools/bin/../lib/gcc/arm-none-eabi/7.3.1/../../../../arm-none-eabi/lib/thumb/v7e-m/fpv4-sp/hard\libc_nano.a(lib_a-nano-reallocr.o)
                0x00000000080048f2                _realloc_r
 .text.__ascii_wctomb
                0x000000000800493e       0x1a c:/st/stm32cubeide_1.4.0/stm32cubeide/plugins/com.st.stm32cube.ide.mcu.externaltools.gnu-tools-for-stm32.7-2018-q2-update.win32_1.4.0.202007081208/tools/bin/../lib/gcc/arm-none-eabi/7.3.1/../../../../arm-none-eabi/lib/thumb/v7e-m/fpv4-sp/hard\libc_nano.a(lib_a-wctomb_r.o)
                0x000000000800493e                __ascii_wctomb
 .text._malloc_usable_size_r
                0x0000000008004958       0x10 c:/st/stm32cubeide_1.4.0/stm32cubeide/plugins/com.st.stm32cube.ide.mcu.externaltools.gnu-tools-for-stm32.7-2018-q2-update.win32_1.4.0.202007081208/tools/bin/../lib/gcc/arm-none-eabi/7.3.1/../../../../arm-none-eabi/lib/thumb/v7e-m/fpv4-sp/hard\libc_nano.a(lib_a-nano-msizer.o)
                0x0000000008004958                _malloc_usable_size_r
 *(.glue_7)
 .glue_7        0x0000000008004968        0x0 linker stubs
 *(.glue_7t)
 .glue_7t       0x0000000008004968        0x0 linker stubs
 *(.eh_frame)
 .eh_frame      0x0000000008004968        0x0 c:/st/stm32cubeide_1.4.0/stm32cubeide/plugins/com.st.stm32cube.ide.mcu.externaltools.gnu-tools-for-stm32.7-2018-q2-update.win32_1.4.0.202007081208/tools/bin/../lib/gcc/arm-none-eabi/7.3.1/thumb/v7e-m/fpv4-sp/hard/crtbegin.o
 *(.init)
 .init          0x0000000008004968        0x4 c:/st/stm32cubeide_1.4.0/stm32cubeide/plugins/com.st.stm32cube.ide.mcu.externaltools.gnu-tools-for-stm32.7-2018-q2-update.win32_1.4.0.202007081208/tools/bin/../lib/gcc/arm-none-eabi/7.3.1/thumb/v7e-m/fpv4-sp/hard/crti.o
                0x0000000008004968                _init
 .init          0x000000000800496c        0x8 c:/st/stm32cubeide_1.4.0/stm32cubeide/plugins/com.st.stm32cube.ide.mcu.externaltools.gnu-tools-for-stm32.7-2018-q2-update.win32_1.4.0.202007081208/tools/bin/../lib/gcc/arm-none-eabi/7.3.1/thumb/v7e-m/fpv4-sp/hard/crtn.o
 *(.fini)
 .fini          0x0000000008004974        0x4 c:/st/stm32cubeide_1.4.0/stm32cubeide/plugins/com.st.stm32cube.ide.mcu.externaltools.gnu-tools-for-stm32.7-2018-q2-update.win32_1.4.0.202007081208/tools/bin/../lib/gcc/arm-none-eabi/7.3.1/thumb/v7e-m/fpv4-sp/hard/crti.o
                0x0000000008004974                _fini
 .fini          0x0000000008004978        0x8 c:/st/stm32cubeide_1.4.0/stm32cubeide/plugins/com.st.stm32cube.ide.mcu.externaltools.gnu-tools-for-stm32.7-2018-q2-update.win32_1.4.0.202007081208/tools/bin/../lib/gcc/arm-none-eabi/7.3.1/thumb/v7e-m/fpv4-sp/hard/crtn.o
                0x0000000008004980                . = ALIGN (0x4)
                0x0000000008004980                _etext = .

.vfp11_veneer   0x0000000008004980        0x0
 .vfp11_veneer  0x0000000008004980        0x0 linker stubs

.v4_bx          0x0000000008004980        0x0
 .v4_bx         0x0000000008004980        0x0 linker stubs

.iplt           0x0000000008004980        0x0
 .iplt          0x0000000008004980        0x0 c:/st/stm32cubeide_1.4.0/stm32cubeide/plugins/com.st.stm32cube.ide.mcu.externaltools.gnu-tools-for-stm32.7-2018-q2-update.win32_1.4.0.202007081208/tools/bin/../lib/gcc/arm-none-eabi/7.3.1/thumb/v7e-m/fpv4-sp/hard/crtbegin.o

.rodata         0x0000000008004980      0x290
                0x0000000008004980                . = ALIGN (0x4)
 *(.rodata)
 .rodata        0x0000000008004980        0x7 Src/main.o
 *(.rodata*)
 *fill*         0x0000000008004987        0x1 
 .rodata.CHANNEL_OFFSET_TAB
                0x0000000008004988        0x7 Src/main.o
 *fill*         0x000000000800498f        0x1 
 .rodata.CHANNEL_OFFSET_TAB
                0x0000000008004990        0x7 Src/stm32f3xx_it.o
 *fill*         0x0000000008004997        0x1 
 .rodata.AHBPrescTable
                0x0000000008004998       0x10 Src/system_stm32f3xx.o
                0x0000000008004998                AHBPrescTable
 .rodata.APBPrescTable
                0x00000000080049a8        0x8 Src/system_stm32f3xx.o
                0x00000000080049a8                APBPrescTable
 .rodata.CHANNEL_OFFSET_TAB
                0x00000000080049b0        0x7 Src/usart.o
 .rodata._printf_float.str1.1
                0x00000000080049b7       0x12 c:/st/stm32cubeide_1.4.0/stm32cubeide/plugins/com.st.stm32cube.ide.mcu.externaltools.gnu-tools-for-stm32.7-2018-q2-update.win32_1.4.0.202007081208/tools/bin/../lib/gcc/arm-none-eabi/7.3.1/../../../../arm-none-eabi/lib/thumb/v7e-m/fpv4-sp/hard\libc_nano.a(lib_a-nano-vfprintf_float.o)
 .rodata._printf_i.str1.1
                0x00000000080049c9       0x22 c:/st/stm32cubeide_1.4.0/stm32cubeide/plugins/com.st.stm32cube.ide.mcu.externaltools.gnu-tools-for-stm32.7-2018-q2-update.win32_1.4.0.202007081208/tools/bin/../lib/gcc/arm-none-eabi/7.3.1/../../../../arm-none-eabi/lib/thumb/v7e-m/fpv4-sp/hard\libc_nano.a(lib_a-nano-vfprintf_i.o)
 .rodata._dtoa_r.str1.1
                0x00000000080049eb        0xd c:/st/stm32cubeide_1.4.0/stm32cubeide/plugins/com.st.stm32cube.ide.mcu.externaltools.gnu-tools-for-stm32.7-2018-q2-update.win32_1.4.0.202007081208/tools/bin/../lib/gcc/arm-none-eabi/7.3.1/../../../../arm-none-eabi/lib/thumb/v7e-m/fpv4-sp/hard\libc_nano.a(lib_a-dtoa.o)
                                          0xf (size before relaxing)
 .rodata.__mprec_bigtens
                0x00000000080049f8       0x28 c:/st/stm32cubeide_1.4.0/stm32cubeide/plugins/com.st.stm32cube.ide.mcu.externaltools.gnu-tools-for-stm32.7-2018-q2-update.win32_1.4.0.202007081208/tools/bin/../lib/gcc/arm-none-eabi/7.3.1/../../../../arm-none-eabi/lib/thumb/v7e-m/fpv4-sp/hard\libc_nano.a(lib_a-mprec.o)
                0x00000000080049f8                __mprec_bigtens
 .rodata.__mprec_tens
                0x0000000008004a20       0xc8 c:/st/stm32cubeide_1.4.0/stm32cubeide/plugins/com.st.stm32cube.ide.mcu.externaltools.gnu-tools-for-stm32.7-2018-q2-update.win32_1.4.0.202007081208/tools/bin/../lib/gcc/arm-none-eabi/7.3.1/../../../../arm-none-eabi/lib/thumb/v7e-m/fpv4-sp/hard\libc_nano.a(lib_a-mprec.o)
                0x0000000008004a20                __mprec_tens
 .rodata.p05.7359
                0x0000000008004ae8        0xc c:/st/stm32cubeide_1.4.0/stm32cubeide/plugins/com.st.stm32cube.ide.mcu.externaltools.gnu-tools-for-stm32.7-2018-q2-update.win32_1.4.0.202007081208/tools/bin/../lib/gcc/arm-none-eabi/7.3.1/../../../../arm-none-eabi/lib/thumb/v7e-m/fpv4-sp/hard\libc_nano.a(lib_a-mprec.o)
 .rodata._svfprintf_r.str1.1
                0x0000000008004af4       0x11 c:/st/stm32cubeide_1.4.0/stm32cubeide/plugins/com.st.stm32cube.ide.mcu.externaltools.gnu-tools-for-stm32.7-2018-q2-update.win32_1.4.0.202007081208/tools/bin/../lib/gcc/arm-none-eabi/7.3.1/../../../../arm-none-eabi/lib/thumb/v7e-m/fpv4-sp/hard\libc_nano.a(lib_a-nano-svfprintf.o)
 .rodata._setlocale_r.str1.1
                0x0000000008004b05        0x8 c:/st/stm32cubeide_1.4.0/stm32cubeide/plugins/com.st.stm32cube.ide.mcu.externaltools.gnu-tools-for-stm32.7-2018-q2-update.win32_1.4.0.202007081208/tools/bin/../lib/gcc/arm-none-eabi/7.3.1/../../../../arm-none-eabi/lib/thumb/v7e-m/fpv4-sp/hard\libc_nano.a(lib_a-locale.o)
                                          0x9 (size before relaxing)
 .rodata.str1.1
                0x0000000008004b0d        0x2 c:/st/stm32cubeide_1.4.0/stm32cubeide/plugins/com.st.stm32cube.ide.mcu.externaltools.gnu-tools-for-stm32.7-2018-q2-update.win32_1.4.0.202007081208/tools/bin/../lib/gcc/arm-none-eabi/7.3.1/../../../../arm-none-eabi/lib/thumb/v7e-m/fpv4-sp/hard\libc_nano.a(lib_a-locale.o)
 .rodata._ctype_
                0x0000000008004b0f      0x101 c:/st/stm32cubeide_1.4.0/stm32cubeide/plugins/com.st.stm32cube.ide.mcu.externaltools.gnu-tools-for-stm32.7-2018-q2-update.win32_1.4.0.202007081208/tools/bin/../lib/gcc/arm-none-eabi/7.3.1/../../../../arm-none-eabi/lib/thumb/v7e-m/fpv4-sp/hard\libc_nano.a(lib_a-ctype_.o)
                0x0000000008004b0f                _ctype_
                0x0000000008004c10                . = ALIGN (0x4)

.rel.dyn        0x0000000008004c10        0x0
 .rel.iplt      0x0000000008004c10        0x0 c:/st/stm32cubeide_1.4.0/stm32cubeide/plugins/com.st.stm32cube.ide.mcu.externaltools.gnu-tools-for-stm32.7-2018-q2-update.win32_1.4.0.202007081208/tools/bin/../lib/gcc/arm-none-eabi/7.3.1/thumb/v7e-m/fpv4-sp/hard/crtbegin.o

.ARM.extab      0x0000000008004c10        0x0
                0x0000000008004c10                . = ALIGN (0x4)
 *(.ARM.extab* .gnu.linkonce.armextab.*)
                0x0000000008004c10                . = ALIGN (0x4)

.ARM            0x0000000008004c10        0x0
                0x0000000008004c10                . = ALIGN (0x4)
                0x0000000008004c10                __exidx_start = .
 *(.ARM.exidx*)
                0x0000000008004c10                __exidx_end = .
                0x0000000008004c10                . = ALIGN (0x4)

.preinit_array  0x0000000008004c10        0x0
                0x0000000008004c10                . = ALIGN (0x4)
                0x0000000008004c10                PROVIDE (__preinit_array_start = .)
 *(.preinit_array*)
                0x0000000008004c10                PROVIDE (__preinit_array_end = .)
                0x0000000008004c10                . = ALIGN (0x4)

.init_array     0x0000000008004c10        0x4
                0x0000000008004c10                . = ALIGN (0x4)
                0x0000000008004c10                PROVIDE (__init_array_start = .)
 *(SORT_BY_NAME(.init_array.*))
 *(.init_array*)
 .init_array    0x0000000008004c10        0x4 c:/st/stm32cubeide_1.4.0/stm32cubeide/plugins/com.st.stm32cube.ide.mcu.externaltools.gnu-tools-for-stm32.7-2018-q2-update.win32_1.4.0.202007081208/tools/bin/../lib/gcc/arm-none-eabi/7.3.1/thumb/v7e-m/fpv4-sp/hard/crtbegin.o
                0x0000000008004c14                PROVIDE (__init_array_end = .)
                0x0000000008004c14                . = ALIGN (0x4)

.fini_array     0x0000000008004c14        0x4
                0x0000000008004c14                . = ALIGN (0x4)
                [!provide]                        PROVIDE (__fini_array_start = .)
 *(SORT_BY_NAME(.fini_array.*))
 *(.fini_array*)
 .fini_array    0x0000000008004c14        0x4 c:/st/stm32cubeide_1.4.0/stm32cubeide/plugins/com.st.stm32cube.ide.mcu.externaltools.gnu-tools-for-stm32.7-2018-q2-update.win32_1.4.0.202007081208/tools/bin/../lib/gcc/arm-none-eabi/7.3.1/thumb/v7e-m/fpv4-sp/hard/crtbegin.o
                [!provide]                        PROVIDE (__fini_array_end = .)
                0x0000000008004c18                . = ALIGN (0x4)
                0x0000000008004c18                _sidata = LOADADDR (.data)

.data           0x0000000020000000      0x220 load address 0x0000000008004c18
                0x0000000020000000                . = ALIGN (0x4)
                0x0000000020000000                _sdata = .
 *(.data)
 *(.data*)
 .data.part1.9627
                0x0000000020000000       0x12 Src/main.o
 *fill*         0x0000000020000012        0x2 
 .data.part2.9634
                0x0000000020000014       0x1a Src/main.o
 *fill*         0x000000002000002e        0x2 
 .data.part3.9641
                0x0000000020000030       0x16 Src/main.o
 *fill*         0x0000000020000046        0x2 
 .data.part4.9648
                0x0000000020000048        0x3 Src/main.o
 *fill*         0x000000002000004b        0x1 
 .data.SystemCoreClock
                0x000000002000004c        0x4 Src/system_stm32f3xx.o
                0x000000002000004c                SystemCoreClock
 .data._impure_ptr
                0x0000000020000050        0x4 c:/st/stm32cubeide_1.4.0/stm32cubeide/plugins/com.st.stm32cube.ide.mcu.externaltools.gnu-tools-for-stm32.7-2018-q2-update.win32_1.4.0.202007081208/tools/bin/../lib/gcc/arm-none-eabi/7.3.1/../../../../arm-none-eabi/lib/thumb/v7e-m/fpv4-sp/hard\libc_nano.a(lib_a-impure.o)
                0x0000000020000050                _impure_ptr
 .data.impure_data
                0x0000000020000054       0x60 c:/st/stm32cubeide_1.4.0/stm32cubeide/plugins/com.st.stm32cube.ide.mcu.externaltools.gnu-tools-for-stm32.7-2018-q2-update.win32_1.4.0.202007081208/tools/bin/../lib/gcc/arm-none-eabi/7.3.1/../../../../arm-none-eabi/lib/thumb/v7e-m/fpv4-sp/hard\libc_nano.a(lib_a-impure.o)
 .data.__global_locale
                0x00000000200000b4      0x16c c:/st/stm32cubeide_1.4.0/stm32cubeide/plugins/com.st.stm32cube.ide.mcu.externaltools.gnu-tools-for-stm32.7-2018-q2-update.win32_1.4.0.202007081208/tools/bin/../lib/gcc/arm-none-eabi/7.3.1/../../../../arm-none-eabi/lib/thumb/v7e-m/fpv4-sp/hard\libc_nano.a(lib_a-locale.o)
                0x00000000200000b4                __global_locale
                0x0000000020000220                . = ALIGN (0x4)
                0x0000000020000220                _edata = .

.igot.plt       0x0000000020000220        0x0 load address 0x0000000008004e38
 .igot.plt      0x0000000020000220        0x0 c:/st/stm32cubeide_1.4.0/stm32cubeide/plugins/com.st.stm32cube.ide.mcu.externaltools.gnu-tools-for-stm32.7-2018-q2-update.win32_1.4.0.202007081208/tools/bin/../lib/gcc/arm-none-eabi/7.3.1/thumb/v7e-m/fpv4-sp/hard/crtbegin.o
                0x0000000020000220                . = ALIGN (0x4)

.bss            0x0000000020000220      0x160 load address 0x0000000008004e38
                0x0000000020000220                _sbss = .
                0x0000000020000220                __bss_start__ = _sbss
 *(.bss)
 .bss           0x0000000020000220       0x1c c:/st/stm32cubeide_1.4.0/stm32cubeide/plugins/com.st.stm32cube.ide.mcu.externaltools.gnu-tools-for-stm32.7-2018-q2-update.win32_1.4.0.202007081208/tools/bin/../lib/gcc/arm-none-eabi/7.3.1/thumb/v7e-m/fpv4-sp/hard/crtbegin.o
 *(.bss*)
 .bss.recieved_starting_char.9612
                0x000000002000023c        0x1 Src/main.o
 .bss.pos.9613  0x000000002000023d        0x1 Src/main.o
 *fill*         0x000000002000023e        0x2 
 .bss.buffer.9611
                0x0000000020000240       0x24 Src/main.o
 .bss.heap_end.6424
                0x0000000020000264        0x4 Src/sysmem.o
 .bss.USART2_ProcessData
                0x0000000020000268        0x4 Src/usart.o
 .bss.old_pos.8589
                0x000000002000026c        0x2 Src/usart.o
 *fill*         0x000000002000026e        0x2 
 .bss.__malloc_free_list
                0x0000000020000270        0x4 c:/st/stm32cubeide_1.4.0/stm32cubeide/plugins/com.st.stm32cube.ide.mcu.externaltools.gnu-tools-for-stm32.7-2018-q2-update.win32_1.4.0.202007081208/tools/bin/../lib/gcc/arm-none-eabi/7.3.1/../../../../arm-none-eabi/lib/thumb/v7e-m/fpv4-sp/hard\libc_nano.a(lib_a-nano-mallocr.o)
                0x0000000020000270                __malloc_free_list
 .bss.__malloc_sbrk_start
                0x0000000020000274        0x4 c:/st/stm32cubeide_1.4.0/stm32cubeide/plugins/com.st.stm32cube.ide.mcu.externaltools.gnu-tools-for-stm32.7-2018-q2-update.win32_1.4.0.202007081208/tools/bin/../lib/gcc/arm-none-eabi/7.3.1/../../../../arm-none-eabi/lib/thumb/v7e-m/fpv4-sp/hard\libc_nano.a(lib_a-nano-mallocr.o)
                0x0000000020000274                __malloc_sbrk_start
 *(COMMON)
 COMMON         0x0000000020000278        0x4 Src/main.o
                0x0000000020000278                letter_count
                0x000000002000027a                USART2_dma_occupied_memory
 COMMON         0x000000002000027c      0x100 Src/usart.o
                0x000000002000027c                bufferUSART2dma
 COMMON         0x000000002000037c        0x4 c:/st/stm32cubeide_1.4.0/stm32cubeide/plugins/com.st.stm32cube.ide.mcu.externaltools.gnu-tools-for-stm32.7-2018-q2-update.win32_1.4.0.202007081208/tools/bin/../lib/gcc/arm-none-eabi/7.3.1/../../../../arm-none-eabi/lib/thumb/v7e-m/fpv4-sp/hard\libc_nano.a(lib_a-reent.o)
                0x000000002000037c                errno
                0x0000000020000380                . = ALIGN (0x4)
                0x0000000020000380                _ebss = .
                0x0000000020000380                __bss_end__ = _ebss

._user_heap_stack
                0x0000000020000380      0x600 load address 0x0000000008004e38
                0x0000000020000380                . = ALIGN (0x8)
                0x0000000020000380                PROVIDE (end = .)
                [!provide]                        PROVIDE (_end = .)
                0x0000000020000580                . = (. + _Min_Heap_Size)
 *fill*         0x0000000020000380      0x200 
                0x0000000020000980                . = (. + _Min_Stack_Size)
 *fill*         0x0000000020000580      0x400 
                0x0000000020000980                . = ALIGN (0x8)

/DISCARD/
 libc.a(*)
 libm.a(*)
 libgcc.a(*)

.ARM.attributes
                0x0000000000000000       0x30
 *(.ARM.attributes)
 .ARM.attributes
                0x0000000000000000       0x22 c:/st/stm32cubeide_1.4.0/stm32cubeide/plugins/com.st.stm32cube.ide.mcu.externaltools.gnu-tools-for-stm32.7-2018-q2-update.win32_1.4.0.202007081208/tools/bin/../lib/gcc/arm-none-eabi/7.3.1/thumb/v7e-m/fpv4-sp/hard/crti.o
 .ARM.attributes
                0x0000000000000022       0x34 c:/st/stm32cubeide_1.4.0/stm32cubeide/plugins/com.st.stm32cube.ide.mcu.externaltools.gnu-tools-for-stm32.7-2018-q2-update.win32_1.4.0.202007081208/tools/bin/../lib/gcc/arm-none-eabi/7.3.1/thumb/v7e-m/fpv4-sp/hard/crtbegin.o
 .ARM.attributes
                0x0000000000000056       0x39 Drivers/STM32F3xx_HAL_Driver/Src/stm32f3xx_ll_gpio.o
 .ARM.attributes
                0x000000000000008f       0x39 Drivers/STM32F3xx_HAL_Driver/Src/stm32f3xx_ll_rcc.o
 .ARM.attributes
                0x00000000000000c8       0x39 Drivers/STM32F3xx_HAL_Driver/Src/stm32f3xx_ll_usart.o
 .ARM.attributes
                0x0000000000000101       0x39 Drivers/STM32F3xx_HAL_Driver/Src/stm32f3xx_ll_utils.o
 .ARM.attributes
                0x000000000000013a       0x39 Src/dma.o
 .ARM.attributes
                0x0000000000000173       0x39 Src/gpio.o
 .ARM.attributes
                0x00000000000001ac       0x39 Src/main.o
 .ARM.attributes
                0x00000000000001e5       0x39 Src/stm32f3xx_it.o
 .ARM.attributes
                0x000000000000021e       0x39 Src/sysmem.o
 .ARM.attributes
                0x0000000000000257       0x39 Src/system_stm32f3xx.o
 .ARM.attributes
                0x0000000000000290       0x39 Src/usart.o
 .ARM.attributes
                0x00000000000002c9       0x21 Startup/startup_stm32f303k8tx.o
 .ARM.attributes
                0x00000000000002ea       0x34 c:/st/stm32cubeide_1.4.0/stm32cubeide/plugins/com.st.stm32cube.ide.mcu.externaltools.gnu-tools-for-stm32.7-2018-q2-update.win32_1.4.0.202007081208/tools/bin/../lib/gcc/arm-none-eabi/7.3.1/../../../../arm-none-eabi/lib/thumb/v7e-m/fpv4-sp/hard\libc_nano.a(lib_a-errno.o)
 .ARM.attributes
                0x000000000000031e       0x34 c:/st/stm32cubeide_1.4.0/stm32cubeide/plugins/com.st.stm32cube.ide.mcu.externaltools.gnu-tools-for-stm32.7-2018-q2-update.win32_1.4.0.202007081208/tools/bin/../lib/gcc/arm-none-eabi/7.3.1/../../../../arm-none-eabi/lib/thumb/v7e-m/fpv4-sp/hard\libc_nano.a(lib_a-impure.o)
 .ARM.attributes
                0x0000000000000352       0x34 c:/st/stm32cubeide_1.4.0/stm32cubeide/plugins/com.st.stm32cube.ide.mcu.externaltools.gnu-tools-for-stm32.7-2018-q2-update.win32_1.4.0.202007081208/tools/bin/../lib/gcc/arm-none-eabi/7.3.1/../../../../arm-none-eabi/lib/thumb/v7e-m/fpv4-sp/hard\libc_nano.a(lib_a-init.o)
 .ARM.attributes
                0x0000000000000386       0x34 c:/st/stm32cubeide_1.4.0/stm32cubeide/plugins/com.st.stm32cube.ide.mcu.externaltools.gnu-tools-for-stm32.7-2018-q2-update.win32_1.4.0.202007081208/tools/bin/../lib/gcc/arm-none-eabi/7.3.1/../../../../arm-none-eabi/lib/thumb/v7e-m/fpv4-sp/hard\libc_nano.a(lib_a-memset.o)
 .ARM.attributes
                0x00000000000003ba       0x34 c:/st/stm32cubeide_1.4.0/stm32cubeide/plugins/com.st.stm32cube.ide.mcu.externaltools.gnu-tools-for-stm32.7-2018-q2-update.win32_1.4.0.202007081208/tools/bin/../lib/gcc/arm-none-eabi/7.3.1/../../../../arm-none-eabi/lib/thumb/v7e-m/fpv4-sp/hard\libc_nano.a(lib_a-nano-vfprintf_float.o)
 .ARM.attributes
                0x00000000000003ee       0x34 c:/st/stm32cubeide_1.4.0/stm32cubeide/plugins/com.st.stm32cube.ide.mcu.externaltools.gnu-tools-for-stm32.7-2018-q2-update.win32_1.4.0.202007081208/tools/bin/../lib/gcc/arm-none-eabi/7.3.1/../../../../arm-none-eabi/lib/thumb/v7e-m/fpv4-sp/hard\libc_nano.a(lib_a-nano-vfprintf_i.o)
 .ARM.attributes
                0x0000000000000422       0x34 c:/st/stm32cubeide_1.4.0/stm32cubeide/plugins/com.st.stm32cube.ide.mcu.externaltools.gnu-tools-for-stm32.7-2018-q2-update.win32_1.4.0.202007081208/tools/bin/../lib/gcc/arm-none-eabi/7.3.1/../../../../arm-none-eabi/lib/thumb/v7e-m/fpv4-sp/hard\libc_nano.a(lib_a-sprintf.o)
 .ARM.attributes
                0x0000000000000456       0x1b c:/st/stm32cubeide_1.4.0/stm32cubeide/plugins/com.st.stm32cube.ide.mcu.externaltools.gnu-tools-for-stm32.7-2018-q2-update.win32_1.4.0.202007081208/tools/bin/../lib/gcc/arm-none-eabi/7.3.1/../../../../arm-none-eabi/lib/thumb/v7e-m/fpv4-sp/hard\libc_nano.a(lib_a-strlen.o)
 .ARM.attributes
                0x0000000000000471       0x34 c:/st/stm32cubeide_1.4.0/stm32cubeide/plugins/com.st.stm32cube.ide.mcu.externaltools.gnu-tools-for-stm32.7-2018-q2-update.win32_1.4.0.202007081208/tools/bin/../lib/gcc/arm-none-eabi/7.3.1/../../../../arm-none-eabi/lib/thumb/v7e-m/fpv4-sp/hard\libc_nano.a(lib_a-dtoa.o)
 .ARM.attributes
                0x00000000000004a5       0x34 c:/st/stm32cubeide_1.4.0/stm32cubeide/plugins/com.st.stm32cube.ide.mcu.externaltools.gnu-tools-for-stm32.7-2018-q2-update.win32_1.4.0.202007081208/tools/bin/../lib/gcc/arm-none-eabi/7.3.1/../../../../arm-none-eabi/lib/thumb/v7e-m/fpv4-sp/hard\libc_nano.a(lib_a-localeconv.o)
 .ARM.attributes
                0x00000000000004d9       0x34 c:/st/stm32cubeide_1.4.0/stm32cubeide/plugins/com.st.stm32cube.ide.mcu.externaltools.gnu-tools-for-stm32.7-2018-q2-update.win32_1.4.0.202007081208/tools/bin/../lib/gcc/arm-none-eabi/7.3.1/../../../../arm-none-eabi/lib/thumb/v7e-m/fpv4-sp/hard\libc_nano.a(lib_a-malloc.o)
 .ARM.attributes
                0x000000000000050d       0x20 c:/st/stm32cubeide_1.4.0/stm32cubeide/plugins/com.st.stm32cube.ide.mcu.externaltools.gnu-tools-for-stm32.7-2018-q2-update.win32_1.4.0.202007081208/tools/bin/../lib/gcc/arm-none-eabi/7.3.1/../../../../arm-none-eabi/lib/thumb/v7e-m/fpv4-sp/hard\libc_nano.a(lib_a-memchr.o)
 .ARM.attributes
                0x000000000000052d       0x34 c:/st/stm32cubeide_1.4.0/stm32cubeide/plugins/com.st.stm32cube.ide.mcu.externaltools.gnu-tools-for-stm32.7-2018-q2-update.win32_1.4.0.202007081208/tools/bin/../lib/gcc/arm-none-eabi/7.3.1/../../../../arm-none-eabi/lib/thumb/v7e-m/fpv4-sp/hard\libc_nano.a(lib_a-memcpy-stub.o)
 .ARM.attributes
                0x0000000000000561       0x34 c:/st/stm32cubeide_1.4.0/stm32cubeide/plugins/com.st.stm32cube.ide.mcu.externaltools.gnu-tools-for-stm32.7-2018-q2-update.win32_1.4.0.202007081208/tools/bin/../lib/gcc/arm-none-eabi/7.3.1/../../../../arm-none-eabi/lib/thumb/v7e-m/fpv4-sp/hard\libc_nano.a(lib_a-mprec.o)
 .ARM.attributes
                0x0000000000000595       0x34 c:/st/stm32cubeide_1.4.0/stm32cubeide/plugins/com.st.stm32cube.ide.mcu.externaltools.gnu-tools-for-stm32.7-2018-q2-update.win32_1.4.0.202007081208/tools/bin/../lib/gcc/arm-none-eabi/7.3.1/../../../../arm-none-eabi/lib/thumb/v7e-m/fpv4-sp/hard\libc_nano.a(lib_a-nano-callocr.o)
 .ARM.attributes
                0x00000000000005c9       0x34 c:/st/stm32cubeide_1.4.0/stm32cubeide/plugins/com.st.stm32cube.ide.mcu.externaltools.gnu-tools-for-stm32.7-2018-q2-update.win32_1.4.0.202007081208/tools/bin/../lib/gcc/arm-none-eabi/7.3.1/../../../../arm-none-eabi/lib/thumb/v7e-m/fpv4-sp/hard\libc_nano.a(lib_a-nano-freer.o)
 .ARM.attributes
                0x00000000000005fd       0x34 c:/st/stm32cubeide_1.4.0/stm32cubeide/plugins/com.st.stm32cube.ide.mcu.externaltools.gnu-tools-for-stm32.7-2018-q2-update.win32_1.4.0.202007081208/tools/bin/../lib/gcc/arm-none-eabi/7.3.1/../../../../arm-none-eabi/lib/thumb/v7e-m/fpv4-sp/hard\libc_nano.a(lib_a-nano-mallocr.o)
 .ARM.attributes
                0x0000000000000631       0x34 c:/st/stm32cubeide_1.4.0/stm32cubeide/plugins/com.st.stm32cube.ide.mcu.externaltools.gnu-tools-for-stm32.7-2018-q2-update.win32_1.4.0.202007081208/tools/bin/../lib/gcc/arm-none-eabi/7.3.1/../../../../arm-none-eabi/lib/thumb/v7e-m/fpv4-sp/hard\libc_nano.a(lib_a-nano-svfprintf.o)
 .ARM.attributes
                0x0000000000000665       0x34 c:/st/stm32cubeide_1.4.0/stm32cubeide/plugins/com.st.stm32cube.ide.mcu.externaltools.gnu-tools-for-stm32.7-2018-q2-update.win32_1.4.0.202007081208/tools/bin/../lib/gcc/arm-none-eabi/7.3.1/../../../../arm-none-eabi/lib/thumb/v7e-m/fpv4-sp/hard\libc_nano.a(lib_a-sbrkr.o)
 .ARM.attributes
                0x0000000000000699       0x34 c:/st/stm32cubeide_1.4.0/stm32cubeide/plugins/com.st.stm32cube.ide.mcu.externaltools.gnu-tools-for-stm32.7-2018-q2-update.win32_1.4.0.202007081208/tools/bin/../lib/gcc/arm-none-eabi/7.3.1/../../../../arm-none-eabi/lib/thumb/v7e-m/fpv4-sp/hard\libc_nano.a(lib_a-locale.o)
 .ARM.attributes
                0x00000000000006cd       0x34 c:/st/stm32cubeide_1.4.0/stm32cubeide/plugins/com.st.stm32cube.ide.mcu.externaltools.gnu-tools-for-stm32.7-2018-q2-update.win32_1.4.0.202007081208/tools/bin/../lib/gcc/arm-none-eabi/7.3.1/../../../../arm-none-eabi/lib/thumb/v7e-m/fpv4-sp/hard\libc_nano.a(lib_a-mbtowc_r.o)
 .ARM.attributes
                0x0000000000000701       0x34 c:/st/stm32cubeide_1.4.0/stm32cubeide/plugins/com.st.stm32cube.ide.mcu.externaltools.gnu-tools-for-stm32.7-2018-q2-update.win32_1.4.0.202007081208/tools/bin/../lib/gcc/arm-none-eabi/7.3.1/../../../../arm-none-eabi/lib/thumb/v7e-m/fpv4-sp/hard\libc_nano.a(lib_a-memmove.o)
 .ARM.attributes
                0x0000000000000735       0x34 c:/st/stm32cubeide_1.4.0/stm32cubeide/plugins/com.st.stm32cube.ide.mcu.externaltools.gnu-tools-for-stm32.7-2018-q2-update.win32_1.4.0.202007081208/tools/bin/../lib/gcc/arm-none-eabi/7.3.1/../../../../arm-none-eabi/lib/thumb/v7e-m/fpv4-sp/hard\libc_nano.a(lib_a-mlock.o)
 .ARM.attributes
                0x0000000000000769       0x34 c:/st/stm32cubeide_1.4.0/stm32cubeide/plugins/com.st.stm32cube.ide.mcu.externaltools.gnu-tools-for-stm32.7-2018-q2-update.win32_1.4.0.202007081208/tools/bin/../lib/gcc/arm-none-eabi/7.3.1/../../../../arm-none-eabi/lib/thumb/v7e-m/fpv4-sp/hard\libc_nano.a(lib_a-nano-reallocr.o)
 .ARM.attributes
                0x000000000000079d       0x34 c:/st/stm32cubeide_1.4.0/stm32cubeide/plugins/com.st.stm32cube.ide.mcu.externaltools.gnu-tools-for-stm32.7-2018-q2-update.win32_1.4.0.202007081208/tools/bin/../lib/gcc/arm-none-eabi/7.3.1/../../../../arm-none-eabi/lib/thumb/v7e-m/fpv4-sp/hard\libc_nano.a(lib_a-reent.o)
 .ARM.attributes
                0x00000000000007d1       0x34 c:/st/stm32cubeide_1.4.0/stm32cubeide/plugins/com.st.stm32cube.ide.mcu.externaltools.gnu-tools-for-stm32.7-2018-q2-update.win32_1.4.0.202007081208/tools/bin/../lib/gcc/arm-none-eabi/7.3.1/../../../../arm-none-eabi/lib/thumb/v7e-m/fpv4-sp/hard\libc_nano.a(lib_a-wctomb_r.o)
 .ARM.attributes
                0x0000000000000805       0x34 c:/st/stm32cubeide_1.4.0/stm32cubeide/plugins/com.st.stm32cube.ide.mcu.externaltools.gnu-tools-for-stm32.7-2018-q2-update.win32_1.4.0.202007081208/tools/bin/../lib/gcc/arm-none-eabi/7.3.1/../../../../arm-none-eabi/lib/thumb/v7e-m/fpv4-sp/hard\libc_nano.a(lib_a-ctype_.o)
 .ARM.attributes
                0x0000000000000839       0x34 c:/st/stm32cubeide_1.4.0/stm32cubeide/plugins/com.st.stm32cube.ide.mcu.externaltools.gnu-tools-for-stm32.7-2018-q2-update.win32_1.4.0.202007081208/tools/bin/../lib/gcc/arm-none-eabi/7.3.1/../../../../arm-none-eabi/lib/thumb/v7e-m/fpv4-sp/hard\libc_nano.a(lib_a-nano-msizer.o)
 .ARM.attributes
                0x000000000000086d       0x22 c:/st/stm32cubeide_1.4.0/stm32cubeide/plugins/com.st.stm32cube.ide.mcu.externaltools.gnu-tools-for-stm32.7-2018-q2-update.win32_1.4.0.202007081208/tools/bin/../lib/gcc/arm-none-eabi/7.3.1/thumb/v7e-m/fpv4-sp/hard\libgcc.a(_arm_addsubdf3.o)
 .ARM.attributes
                0x000000000000088f       0x22 c:/st/stm32cubeide_1.4.0/stm32cubeide/plugins/com.st.stm32cube.ide.mcu.externaltools.gnu-tools-for-stm32.7-2018-q2-update.win32_1.4.0.202007081208/tools/bin/../lib/gcc/arm-none-eabi/7.3.1/thumb/v7e-m/fpv4-sp/hard\libgcc.a(_arm_muldivdf3.o)
 .ARM.attributes
                0x00000000000008b1       0x22 c:/st/stm32cubeide_1.4.0/stm32cubeide/plugins/com.st.stm32cube.ide.mcu.externaltools.gnu-tools-for-stm32.7-2018-q2-update.win32_1.4.0.202007081208/tools/bin/../lib/gcc/arm-none-eabi/7.3.1/thumb/v7e-m/fpv4-sp/hard\libgcc.a(_arm_cmpdf2.o)
 .ARM.attributes
                0x00000000000008d3       0x22 c:/st/stm32cubeide_1.4.0/stm32cubeide/plugins/com.st.stm32cube.ide.mcu.externaltools.gnu-tools-for-stm32.7-2018-q2-update.win32_1.4.0.202007081208/tools/bin/../lib/gcc/arm-none-eabi/7.3.1/thumb/v7e-m/fpv4-sp/hard\libgcc.a(_arm_unorddf2.o)
 .ARM.attributes
                0x00000000000008f5       0x22 c:/st/stm32cubeide_1.4.0/stm32cubeide/plugins/com.st.stm32cube.ide.mcu.externaltools.gnu-tools-for-stm32.7-2018-q2-update.win32_1.4.0.202007081208/tools/bin/../lib/gcc/arm-none-eabi/7.3.1/thumb/v7e-m/fpv4-sp/hard\libgcc.a(_arm_fixdfsi.o)
 .ARM.attributes
                0x0000000000000917       0x22 c:/st/stm32cubeide_1.4.0/stm32cubeide/plugins/com.st.stm32cube.ide.mcu.externaltools.gnu-tools-for-stm32.7-2018-q2-update.win32_1.4.0.202007081208/tools/bin/../lib/gcc/arm-none-eabi/7.3.1/thumb/v7e-m/fpv4-sp/hard/crtn.o
OUTPUT(usart_DMA.elf elf32-littlearm)

.debug_info     0x0000000000000000     0x5c75
 .debug_info    0x0000000000000000      0x7e2 Drivers/STM32F3xx_HAL_Driver/Src/stm32f3xx_ll_gpio.o
 .debug_info    0x00000000000007e2      0x704 Drivers/STM32F3xx_HAL_Driver/Src/stm32f3xx_ll_rcc.o
 .debug_info    0x0000000000000ee6      0x6be Drivers/STM32F3xx_HAL_Driver/Src/stm32f3xx_ll_usart.o
 .debug_info    0x00000000000015a4      0x818 Drivers/STM32F3xx_HAL_Driver/Src/stm32f3xx_ll_utils.o
 .debug_info    0x0000000000001dbc      0x6b1 Src/dma.o
 .debug_info    0x000000000000246d      0x395 Src/gpio.o
 .debug_info    0x0000000000002802     0x1178 Src/main.o
 .debug_info    0x000000000000397a      0x530 Src/stm32f3xx_it.o
 .debug_info    0x0000000000003eaa      0x91c Src/sysmem.o
 .debug_info    0x00000000000047c6      0x400 Src/system_stm32f3xx.o
 .debug_info    0x0000000000004bc6     0x108d Src/usart.o
 .debug_info    0x0000000000005c53       0x22 Startup/startup_stm32f303k8tx.o

.debug_abbrev   0x0000000000000000     0x14a1
 .debug_abbrev  0x0000000000000000      0x212 Drivers/STM32F3xx_HAL_Driver/Src/stm32f3xx_ll_gpio.o
 .debug_abbrev  0x0000000000000212      0x238 Drivers/STM32F3xx_HAL_Driver/Src/stm32f3xx_ll_rcc.o
 .debug_abbrev  0x000000000000044a      0x1b1 Drivers/STM32F3xx_HAL_Driver/Src/stm32f3xx_ll_usart.o
 .debug_abbrev  0x00000000000005fb      0x266 Drivers/STM32F3xx_HAL_Driver/Src/stm32f3xx_ll_utils.o
 .debug_abbrev  0x0000000000000861      0x17e Src/dma.o
 .debug_abbrev  0x00000000000009df      0x15d Src/gpio.o
 .debug_abbrev  0x0000000000000b3c      0x2c9 Src/main.o
 .debug_abbrev  0x0000000000000e05      0x187 Src/stm32f3xx_it.o
 .debug_abbrev  0x0000000000000f8c      0x1bb Src/sysmem.o
 .debug_abbrev  0x0000000000001147      0x111 Src/system_stm32f3xx.o
 .debug_abbrev  0x0000000000001258      0x237 Src/usart.o
 .debug_abbrev  0x000000000000148f       0x12 Startup/startup_stm32f303k8tx.o

.debug_aranges  0x0000000000000000      0x668
 .debug_aranges
                0x0000000000000000       0x70 Drivers/STM32F3xx_HAL_Driver/Src/stm32f3xx_ll_gpio.o
 .debug_aranges
                0x0000000000000070      0x100 Drivers/STM32F3xx_HAL_Driver/Src/stm32f3xx_ll_rcc.o
 .debug_aranges
                0x0000000000000170       0x88 Drivers/STM32F3xx_HAL_Driver/Src/stm32f3xx_ll_usart.o
 .debug_aranges
                0x00000000000001f8       0xf0 Drivers/STM32F3xx_HAL_Driver/Src/stm32f3xx_ll_utils.o
 .debug_aranges
                0x00000000000002e8       0x38 Src/dma.o
 .debug_aranges
                0x0000000000000320       0x30 Src/gpio.o
 .debug_aranges
                0x0000000000000350       0xc0 Src/main.o
 .debug_aranges
                0x0000000000000410       0xc8 Src/stm32f3xx_it.o
 .debug_aranges
                0x00000000000004d8       0x20 Src/sysmem.o
 .debug_aranges
                0x00000000000004f8       0x28 Src/system_stm32f3xx.o
 .debug_aranges
                0x0000000000000520      0x120 Src/usart.o
 .debug_aranges
                0x0000000000000640       0x28 Startup/startup_stm32f303k8tx.o

.debug_ranges   0x0000000000000000      0x5b0
 .debug_ranges  0x0000000000000000       0x60 Drivers/STM32F3xx_HAL_Driver/Src/stm32f3xx_ll_gpio.o
 .debug_ranges  0x0000000000000060       0xf0 Drivers/STM32F3xx_HAL_Driver/Src/stm32f3xx_ll_rcc.o
 .debug_ranges  0x0000000000000150       0x78 Drivers/STM32F3xx_HAL_Driver/Src/stm32f3xx_ll_usart.o
 .debug_ranges  0x00000000000001c8       0xe0 Drivers/STM32F3xx_HAL_Driver/Src/stm32f3xx_ll_utils.o
 .debug_ranges  0x00000000000002a8       0x28 Src/dma.o
 .debug_ranges  0x00000000000002d0       0x20 Src/gpio.o
 .debug_ranges  0x00000000000002f0       0xb0 Src/main.o
 .debug_ranges  0x00000000000003a0       0xb8 Src/stm32f3xx_it.o
 .debug_ranges  0x0000000000000458       0x10 Src/sysmem.o
 .debug_ranges  0x0000000000000468       0x18 Src/system_stm32f3xx.o
 .debug_ranges  0x0000000000000480      0x110 Src/usart.o
 .debug_ranges  0x0000000000000590       0x20 Startup/startup_stm32f303k8tx.o

.debug_macro    0x0000000000000000     0x33d4
 .debug_macro   0x0000000000000000      0x10c Drivers/STM32F3xx_HAL_Driver/Src/stm32f3xx_ll_gpio.o
 .debug_macro   0x000000000000010c      0x149 Drivers/STM32F3xx_HAL_Driver/Src/stm32f3xx_ll_gpio.o
 .debug_macro   0x0000000000000255       0xff Drivers/STM32F3xx_HAL_Driver/Src/stm32f3xx_ll_rcc.o
 .debug_macro   0x0000000000000354      0x4b5 Drivers/STM32F3xx_HAL_Driver/Src/stm32f3xx_ll_rcc.o
 .debug_macro   0x0000000000000809      0x13f Drivers/STM32F3xx_HAL_Driver/Src/stm32f3xx_ll_usart.o
 .debug_macro   0x0000000000000948      0x2f1 Drivers/STM32F3xx_HAL_Driver/Src/stm32f3xx_ll_usart.o
 .debug_macro   0x0000000000000c39      0x4bb Drivers/STM32F3xx_HAL_Driver/Src/stm32f3xx_ll_usart.o
 .debug_macro   0x00000000000010f4      0x14a Drivers/STM32F3xx_HAL_Driver/Src/stm32f3xx_ll_utils.o
 .debug_macro   0x000000000000123e       0x30 Drivers/STM32F3xx_HAL_Driver/Src/stm32f3xx_ll_utils.o
 .debug_macro   0x000000000000126e      0x2a5 Drivers/STM32F3xx_HAL_Driver/Src/stm32f3xx_ll_utils.o
 .debug_macro   0x0000000000001513       0xaf Drivers/STM32F3xx_HAL_Driver/Src/stm32f3xx_ll_utils.o
 .debug_macro   0x00000000000015c2      0x143 Src/dma.o
 .debug_macro   0x0000000000001705      0x102 Src/dma.o
 .debug_macro   0x0000000000001807       0x28 Src/dma.o
 .debug_macro   0x000000000000182f      0x2f7 Src/dma.o
 .debug_macro   0x0000000000001b26      0x14f Src/dma.o
 .debug_macro   0x0000000000001c75       0x22 Src/dma.o
 .debug_macro   0x0000000000001c97      0x143 Src/gpio.o
 .debug_macro   0x0000000000001dda      0x2b5 Src/main.o
 .debug_macro   0x000000000000208f       0x16 Src/main.o
 .debug_macro   0x00000000000020a5       0x46 Src/main.o
 .debug_macro   0x00000000000020eb       0x18 Src/main.o
 .debug_macro   0x0000000000002103       0x3c Src/main.o
 .debug_macro   0x000000000000213f       0x34 Src/main.o
 .debug_macro   0x0000000000002173       0x16 Src/main.o
 .debug_macro   0x0000000000002189       0x97 Src/main.o
 .debug_macro   0x0000000000002220      0x330 Src/main.o
 .debug_macro   0x0000000000002550       0xfd Src/main.o
 .debug_macro   0x000000000000264d       0x10 Src/main.o
 .debug_macro   0x000000000000265d       0x52 Src/main.o
 .debug_macro   0x00000000000026af       0x1f Src/main.o
 .debug_macro   0x00000000000026ce       0x43 Src/main.o
 .debug_macro   0x0000000000002711       0x20 Src/main.o
 .debug_macro   0x0000000000002731      0x1a3 Src/main.o
 .debug_macro   0x00000000000028d4       0x10 Src/main.o
 .debug_macro   0x00000000000028e4       0x1c Src/main.o
 .debug_macro   0x0000000000002900       0x52 Src/main.o
 .debug_macro   0x0000000000002952       0x40 Src/main.o
 .debug_macro   0x0000000000002992       0x10 Src/main.o
 .debug_macro   0x00000000000029a2       0x40 Src/main.o
 .debug_macro   0x00000000000029e2       0xd7 Src/main.o
 .debug_macro   0x0000000000002ab9       0x1c Src/main.o
 .debug_macro   0x0000000000002ad5       0x3d Src/main.o
 .debug_macro   0x0000000000002b12       0x16 Src/main.o
 .debug_macro   0x0000000000002b28      0x145 Src/main.o
 .debug_macro   0x0000000000002c6d      0x156 Src/stm32f3xx_it.o
 .debug_macro   0x0000000000002dc3       0x10 Src/stm32f3xx_it.o
 .debug_macro   0x0000000000002dd3      0x1ae Src/sysmem.o
 .debug_macro   0x0000000000002f81      0x23b Src/sysmem.o
 .debug_macro   0x00000000000031bc       0xd0 Src/system_stm32f3xx.o
 .debug_macro   0x000000000000328c      0x148 Src/usart.o

.debug_line     0x0000000000000000     0x4a54
 .debug_line    0x0000000000000000      0x670 Drivers/STM32F3xx_HAL_Driver/Src/stm32f3xx_ll_gpio.o
 .debug_line    0x0000000000000670      0x74b Drivers/STM32F3xx_HAL_Driver/Src/stm32f3xx_ll_rcc.o
 .debug_line    0x0000000000000dbb      0x621 Drivers/STM32F3xx_HAL_Driver/Src/stm32f3xx_ll_usart.o
 .debug_line    0x00000000000013dc      0x764 Drivers/STM32F3xx_HAL_Driver/Src/stm32f3xx_ll_utils.o
 .debug_line    0x0000000000001b40      0x5b3 Src/dma.o
 .debug_line    0x00000000000020f3      0x5a5 Src/gpio.o
 .debug_line    0x0000000000002698      0x9b2 Src/main.o
 .debug_line    0x000000000000304a      0x740 Src/stm32f3xx_it.o
 .debug_line    0x000000000000378a      0x559 Src/sysmem.o
 .debug_line    0x0000000000003ce3      0x48a Src/system_stm32f3xx.o
 .debug_line    0x000000000000416d      0x866 Src/usart.o
 .debug_line    0x00000000000049d3       0x81 Startup/startup_stm32f303k8tx.o

.debug_str      0x0000000000000000    0x7223e
 .debug_str     0x0000000000000000    0x64679 Drivers/STM32F3xx_HAL_Driver/Src/stm32f3xx_ll_gpio.o
                                      0x6482a (size before relaxing)
 .debug_str     0x0000000000064679     0x27f1 Drivers/STM32F3xx_HAL_Driver/Src/stm32f3xx_ll_rcc.o
                                      0x65c54 (size before relaxing)
 .debug_str     0x0000000000066e6a     0x1a39 Drivers/STM32F3xx_HAL_Driver/Src/stm32f3xx_ll_usart.o
                                      0x67768 (size before relaxing)
 .debug_str     0x00000000000688a3     0x2d33 Drivers/STM32F3xx_HAL_Driver/Src/stm32f3xx_ll_utils.o
                                      0x684c4 (size before relaxing)
 .debug_str     0x000000000006b5d6     0x1c25 Src/dma.o
                                      0x6b13d (size before relaxing)
 .debug_str     0x000000000006d1fb       0x3c Src/gpio.o
                                      0x6ae0d (size before relaxing)
 .debug_str     0x000000000006d237     0x4588 Src/main.o
                                      0x6f574 (size before relaxing)
 .debug_str     0x00000000000717bf      0x1eb Src/stm32f3xx_it.o
                                      0x6afa4 (size before relaxing)
 .debug_str     0x00000000000719aa      0x4b9 Src/sysmem.o
                                       0x7ba6 (size before relaxing)
 .debug_str     0x0000000000071e63       0x64 Src/system_stm32f3xx.o
                                      0x634d0 (size before relaxing)
 .debug_str     0x0000000000071ec7      0x346 Src/usart.o
                                      0x6b6a6 (size before relaxing)
 .debug_str     0x000000000007220d       0x31 Startup/startup_stm32f303k8tx.o
                                         0x67 (size before relaxing)

.comment        0x0000000000000000       0x7b
 .comment       0x0000000000000000       0x7b Drivers/STM32F3xx_HAL_Driver/Src/stm32f3xx_ll_gpio.o
                                         0x7c (size before relaxing)
 .comment       0x000000000000007b       0x7c Drivers/STM32F3xx_HAL_Driver/Src/stm32f3xx_ll_rcc.o
 .comment       0x000000000000007b       0x7c Drivers/STM32F3xx_HAL_Driver/Src/stm32f3xx_ll_usart.o
 .comment       0x000000000000007b       0x7c Drivers/STM32F3xx_HAL_Driver/Src/stm32f3xx_ll_utils.o
 .comment       0x000000000000007b       0x7c Src/dma.o
 .comment       0x000000000000007b       0x7c Src/gpio.o
 .comment       0x000000000000007b       0x7c Src/main.o
 .comment       0x000000000000007b       0x7c Src/stm32f3xx_it.o
 .comment       0x000000000000007b       0x7c Src/sysmem.o
 .comment       0x000000000000007b       0x7c Src/system_stm32f3xx.o
 .comment       0x000000000000007b       0x7c Src/usart.o

.debug_frame    0x0000000000000000     0x2328
 .debug_frame   0x0000000000000000      0x1c0 Drivers/STM32F3xx_HAL_Driver/Src/stm32f3xx_ll_gpio.o
 .debug_frame   0x00000000000001c0      0x408 Drivers/STM32F3xx_HAL_Driver/Src/stm32f3xx_ll_rcc.o
 .debug_frame   0x00000000000005c8      0x238 Drivers/STM32F3xx_HAL_Driver/Src/stm32f3xx_ll_usart.o
 .debug_frame   0x0000000000000800      0x3dc Drivers/STM32F3xx_HAL_Driver/Src/stm32f3xx_ll_utils.o
 .debug_frame   0x0000000000000bdc       0xa4 Src/dma.o
 .debug_frame   0x0000000000000c80       0x84 Src/gpio.o
 .debug_frame   0x0000000000000d04      0x314 Src/main.o
 .debug_frame   0x0000000000001018      0x2f4 Src/stm32f3xx_it.o
 .debug_frame   0x000000000000130c       0x34 Src/sysmem.o
 .debug_frame   0x0000000000001340       0x58 Src/system_stm32f3xx.o
 .debug_frame   0x0000000000001398      0x534 Src/usart.o
 .debug_frame   0x00000000000018cc       0x20 c:/st/stm32cubeide_1.4.0/stm32cubeide/plugins/com.st.stm32cube.ide.mcu.externaltools.gnu-tools-for-stm32.7-2018-q2-update.win32_1.4.0.202007081208/tools/bin/../lib/gcc/arm-none-eabi/7.3.1/../../../../arm-none-eabi/lib/thumb/v7e-m/fpv4-sp/hard\libc_nano.a(lib_a-errno.o)
 .debug_frame   0x00000000000018ec       0x2c c:/st/stm32cubeide_1.4.0/stm32cubeide/plugins/com.st.stm32cube.ide.mcu.externaltools.gnu-tools-for-stm32.7-2018-q2-update.win32_1.4.0.202007081208/tools/bin/../lib/gcc/arm-none-eabi/7.3.1/../../../../arm-none-eabi/lib/thumb/v7e-m/fpv4-sp/hard\libc_nano.a(lib_a-init.o)
 .debug_frame   0x0000000000001918       0x20 c:/st/stm32cubeide_1.4.0/stm32cubeide/plugins/com.st.stm32cube.ide.mcu.externaltools.gnu-tools-for-stm32.7-2018-q2-update.win32_1.4.0.202007081208/tools/bin/../lib/gcc/arm-none-eabi/7.3.1/../../../../arm-none-eabi/lib/thumb/v7e-m/fpv4-sp/hard\libc_nano.a(lib_a-memset.o)
 .debug_frame   0x0000000000001938       0x8c c:/st/stm32cubeide_1.4.0/stm32cubeide/plugins/com.st.stm32cube.ide.mcu.externaltools.gnu-tools-for-stm32.7-2018-q2-update.win32_1.4.0.202007081208/tools/bin/../lib/gcc/arm-none-eabi/7.3.1/../../../../arm-none-eabi/lib/thumb/v7e-m/fpv4-sp/hard\libc_nano.a(lib_a-nano-vfprintf_float.o)
 .debug_frame   0x00000000000019c4       0x60 c:/st/stm32cubeide_1.4.0/stm32cubeide/plugins/com.st.stm32cube.ide.mcu.externaltools.gnu-tools-for-stm32.7-2018-q2-update.win32_1.4.0.202007081208/tools/bin/../lib/gcc/arm-none-eabi/7.3.1/../../../../arm-none-eabi/lib/thumb/v7e-m/fpv4-sp/hard\libc_nano.a(lib_a-nano-vfprintf_i.o)
 .debug_frame   0x0000000000001a24       0x6c c:/st/stm32cubeide_1.4.0/stm32cubeide/plugins/com.st.stm32cube.ide.mcu.externaltools.gnu-tools-for-stm32.7-2018-q2-update.win32_1.4.0.202007081208/tools/bin/../lib/gcc/arm-none-eabi/7.3.1/../../../../arm-none-eabi/lib/thumb/v7e-m/fpv4-sp/hard\libc_nano.a(lib_a-sprintf.o)
 .debug_frame   0x0000000000001a90       0x70 c:/st/stm32cubeide_1.4.0/stm32cubeide/plugins/com.st.stm32cube.ide.mcu.externaltools.gnu-tools-for-stm32.7-2018-q2-update.win32_1.4.0.202007081208/tools/bin/../lib/gcc/arm-none-eabi/7.3.1/../../../../arm-none-eabi/lib/thumb/v7e-m/fpv4-sp/hard\libc_nano.a(lib_a-dtoa.o)
 .debug_frame   0x0000000000001b00       0x40 c:/st/stm32cubeide_1.4.0/stm32cubeide/plugins/com.st.stm32cube.ide.mcu.externaltools.gnu-tools-for-stm32.7-2018-q2-update.win32_1.4.0.202007081208/tools/bin/../lib/gcc/arm-none-eabi/7.3.1/../../../../arm-none-eabi/lib/thumb/v7e-m/fpv4-sp/hard\libc_nano.a(lib_a-localeconv.o)
 .debug_frame   0x0000000000001b40       0x30 c:/st/stm32cubeide_1.4.0/stm32cubeide/plugins/com.st.stm32cube.ide.mcu.externaltools.gnu-tools-for-stm32.7-2018-q2-update.win32_1.4.0.202007081208/tools/bin/../lib/gcc/arm-none-eabi/7.3.1/../../../../arm-none-eabi/lib/thumb/v7e-m/fpv4-sp/hard\libc_nano.a(lib_a-malloc.o)
 .debug_frame   0x0000000000001b70       0x28 c:/st/stm32cubeide_1.4.0/stm32cubeide/plugins/com.st.stm32cube.ide.mcu.externaltools.gnu-tools-for-stm32.7-2018-q2-update.win32_1.4.0.202007081208/tools/bin/../lib/gcc/arm-none-eabi/7.3.1/../../../../arm-none-eabi/lib/thumb/v7e-m/fpv4-sp/hard\libc_nano.a(lib_a-memcpy-stub.o)
 .debug_frame   0x0000000000001b98      0x244 c:/st/stm32cubeide_1.4.0/stm32cubeide/plugins/com.st.stm32cube.ide.mcu.externaltools.gnu-tools-for-stm32.7-2018-q2-update.win32_1.4.0.202007081208/tools/bin/../lib/gcc/arm-none-eabi/7.3.1/../../../../arm-none-eabi/lib/thumb/v7e-m/fpv4-sp/hard\libc_nano.a(lib_a-mprec.o)
 .debug_frame   0x0000000000001ddc       0x2c c:/st/stm32cubeide_1.4.0/stm32cubeide/plugins/com.st.stm32cube.ide.mcu.externaltools.gnu-tools-for-stm32.7-2018-q2-update.win32_1.4.0.202007081208/tools/bin/../lib/gcc/arm-none-eabi/7.3.1/../../../../arm-none-eabi/lib/thumb/v7e-m/fpv4-sp/hard\libc_nano.a(lib_a-nano-callocr.o)
 .debug_frame   0x0000000000001e08       0x38 c:/st/stm32cubeide_1.4.0/stm32cubeide/plugins/com.st.stm32cube.ide.mcu.externaltools.gnu-tools-for-stm32.7-2018-q2-update.win32_1.4.0.202007081208/tools/bin/../lib/gcc/arm-none-eabi/7.3.1/../../../../arm-none-eabi/lib/thumb/v7e-m/fpv4-sp/hard\libc_nano.a(lib_a-nano-freer.o)
 .debug_frame   0x0000000000001e40       0x2c c:/st/stm32cubeide_1.4.0/stm32cubeide/plugins/com.st.stm32cube.ide.mcu.externaltools.gnu-tools-for-stm32.7-2018-q2-update.win32_1.4.0.202007081208/tools/bin/../lib/gcc/arm-none-eabi/7.3.1/../../../../arm-none-eabi/lib/thumb/v7e-m/fpv4-sp/hard\libc_nano.a(lib_a-nano-mallocr.o)
 .debug_frame   0x0000000000001e6c       0x90 c:/st/stm32cubeide_1.4.0/stm32cubeide/plugins/com.st.stm32cube.ide.mcu.externaltools.gnu-tools-for-stm32.7-2018-q2-update.win32_1.4.0.202007081208/tools/bin/../lib/gcc/arm-none-eabi/7.3.1/../../../../arm-none-eabi/lib/thumb/v7e-m/fpv4-sp/hard\libc_nano.a(lib_a-nano-svfprintf.o)
 .debug_frame   0x0000000000001efc       0x2c c:/st/stm32cubeide_1.4.0/stm32cubeide/plugins/com.st.stm32cube.ide.mcu.externaltools.gnu-tools-for-stm32.7-2018-q2-update.win32_1.4.0.202007081208/tools/bin/../lib/gcc/arm-none-eabi/7.3.1/../../../../arm-none-eabi/lib/thumb/v7e-m/fpv4-sp/hard\libc_nano.a(lib_a-sbrkr.o)
 .debug_frame   0x0000000000001f28       0x68 c:/st/stm32cubeide_1.4.0/stm32cubeide/plugins/com.st.stm32cube.ide.mcu.externaltools.gnu-tools-for-stm32.7-2018-q2-update.win32_1.4.0.202007081208/tools/bin/../lib/gcc/arm-none-eabi/7.3.1/../../../../arm-none-eabi/lib/thumb/v7e-m/fpv4-sp/hard\libc_nano.a(lib_a-locale.o)
 .debug_frame   0x0000000000001f90       0x48 c:/st/stm32cubeide_1.4.0/stm32cubeide/plugins/com.st.stm32cube.ide.mcu.externaltools.gnu-tools-for-stm32.7-2018-q2-update.win32_1.4.0.202007081208/tools/bin/../lib/gcc/arm-none-eabi/7.3.1/../../../../arm-none-eabi/lib/thumb/v7e-m/fpv4-sp/hard\libc_nano.a(lib_a-mbtowc_r.o)
 .debug_frame   0x0000000000001fd8       0x28 c:/st/stm32cubeide_1.4.0/stm32cubeide/plugins/com.st.stm32cube.ide.mcu.externaltools.gnu-tools-for-stm32.7-2018-q2-update.win32_1.4.0.202007081208/tools/bin/../lib/gcc/arm-none-eabi/7.3.1/../../../../arm-none-eabi/lib/thumb/v7e-m/fpv4-sp/hard\libc_nano.a(lib_a-memmove.o)
 .debug_frame   0x0000000000002000       0x30 c:/st/stm32cubeide_1.4.0/stm32cubeide/plugins/com.st.stm32cube.ide.mcu.externaltools.gnu-tools-for-stm32.7-2018-q2-update.win32_1.4.0.202007081208/tools/bin/../lib/gcc/arm-none-eabi/7.3.1/../../../../arm-none-eabi/lib/thumb/v7e-m/fpv4-sp/hard\libc_nano.a(lib_a-mlock.o)
 .debug_frame   0x0000000000002030       0x3c c:/st/stm32cubeide_1.4.0/stm32cubeide/plugins/com.st.stm32cube.ide.mcu.externaltools.gnu-tools-for-stm32.7-2018-q2-update.win32_1.4.0.202007081208/tools/bin/../lib/gcc/arm-none-eabi/7.3.1/../../../../arm-none-eabi/lib/thumb/v7e-m/fpv4-sp/hard\libc_nano.a(lib_a-nano-reallocr.o)
 .debug_frame   0x000000000000206c       0x5c c:/st/stm32cubeide_1.4.0/stm32cubeide/plugins/com.st.stm32cube.ide.mcu.externaltools.gnu-tools-for-stm32.7-2018-q2-update.win32_1.4.0.202007081208/tools/bin/../lib/gcc/arm-none-eabi/7.3.1/../../../../arm-none-eabi/lib/thumb/v7e-m/fpv4-sp/hard\libc_nano.a(lib_a-reent.o)
 .debug_frame   0x00000000000020c8       0x3c c:/st/stm32cubeide_1.4.0/stm32cubeide/plugins/com.st.stm32cube.ide.mcu.externaltools.gnu-tools-for-stm32.7-2018-q2-update.win32_1.4.0.202007081208/tools/bin/../lib/gcc/arm-none-eabi/7.3.1/../../../../arm-none-eabi/lib/thumb/v7e-m/fpv4-sp/hard\libc_nano.a(lib_a-wctomb_r.o)
 .debug_frame   0x0000000000002104       0x20 c:/st/stm32cubeide_1.4.0/stm32cubeide/plugins/com.st.stm32cube.ide.mcu.externaltools.gnu-tools-for-stm32.7-2018-q2-update.win32_1.4.0.202007081208/tools/bin/../lib/gcc/arm-none-eabi/7.3.1/../../../../arm-none-eabi/lib/thumb/v7e-m/fpv4-sp/hard\libc_nano.a(lib_a-nano-msizer.o)
 .debug_frame   0x0000000000002124       0xac c:/st/stm32cubeide_1.4.0/stm32cubeide/plugins/com.st.stm32cube.ide.mcu.externaltools.gnu-tools-for-stm32.7-2018-q2-update.win32_1.4.0.202007081208/tools/bin/../lib/gcc/arm-none-eabi/7.3.1/thumb/v7e-m/fpv4-sp/hard\libgcc.a(_arm_addsubdf3.o)
 .debug_frame   0x00000000000021d0       0x50 c:/st/stm32cubeide_1.4.0/stm32cubeide/plugins/com.st.stm32cube.ide.mcu.externaltools.gnu-tools-for-stm32.7-2018-q2-update.win32_1.4.0.202007081208/tools/bin/../lib/gcc/arm-none-eabi/7.3.1/thumb/v7e-m/fpv4-sp/hard\libgcc.a(_arm_muldivdf3.o)
 .debug_frame   0x0000000000002220       0xc4 c:/st/stm32cubeide_1.4.0/stm32cubeide/plugins/com.st.stm32cube.ide.mcu.externaltools.gnu-tools-for-stm32.7-2018-q2-update.win32_1.4.0.202007081208/tools/bin/../lib/gcc/arm-none-eabi/7.3.1/thumb/v7e-m/fpv4-sp/hard\libgcc.a(_arm_cmpdf2.o)
 .debug_frame   0x00000000000022e4       0x20 c:/st/stm32cubeide_1.4.0/stm32cubeide/plugins/com.st.stm32cube.ide.mcu.externaltools.gnu-tools-for-stm32.7-2018-q2-update.win32_1.4.0.202007081208/tools/bin/../lib/gcc/arm-none-eabi/7.3.1/thumb/v7e-m/fpv4-sp/hard\libgcc.a(_arm_unorddf2.o)
 .debug_frame   0x0000000000002304       0x24 c:/st/stm32cubeide_1.4.0/stm32cubeide/plugins/com.st.stm32cube.ide.mcu.externaltools.gnu-tools-for-stm32.7-2018-q2-update.win32_1.4.0.202007081208/tools/bin/../lib/gcc/arm-none-eabi/7.3.1/thumb/v7e-m/fpv4-sp/hard\libgcc.a(_arm_fixdfsi.o)
